Log file open, 08/18/26 20:45:30
LogInit: Display: Loading text-based GConfig....
LogPluginManager: Mounting plugin MeshPainting
LogPluginManager: Mounting plugin MegascansPlugin
LogPluginManager: Mounting plugin XGEController
LogPluginManager: Mounting plugin Paper2D
LogPluginManager: Mounting plugin LightPropagationVolume
LogPluginManager: Mounting plugin GameplayCameras
LogPluginManager: Mounting plugin CameraShakePreviewer
LogPluginManager: Mounting plugin AISupport
LogPluginManager: Mounting plugin EnvironmentQueryEditor
LogPluginManager: Mounting plugin OodleNetwork
LogPluginManager: Mounting plugin OodleData
LogPluginManager: Mounting plugin DatasmithContent
LogPluginManager: Mounting plugin VariantManagerContent
LogPluginManager: Mounting plugin AnimationSharing
LogPluginManager: Mounting plugin CLionSourceCodeAccess
LogPluginManager: Mounting plugin CodeLiteSourceCodeAccess
LogPluginManager: Mounting plugin GitSourceControl
LogPluginManager: Mounting plugin KDevelopSourceCodeAccess
LogPluginManager: Mounting plugin NullSourceCodeAccess
LogPluginManager: Mounting plugin PerforceSourceControl
LogPluginManager: Mounting plugin PlasticSourceControl
LogPluginManager: Mounting plugin PixWinPlugin
LogPluginManager: Mounting plugin SubversionSourceControl
LogPluginManager: Mounting plugin RiderSourceCodeAccess
LogPluginManager: Mounting plugin PluginUtils
LogPluginManager: Mounting plugin PropertyAccessNode
LogPluginManager: Mounting plugin VisualStudioCodeSourceCodeAccess
LogPluginManager: Mounting plugin XCodeSourceCodeAccess
LogPluginManager: Mounting plugin Niagara
LogPluginManager: Mounting plugin UObjectPlugin
LogPluginManager: Mounting plugin AssetManagerEditor
LogPluginManager: Mounting plugin EditorScriptingUtilities
LogPluginManager: Mounting plugin CryptoKeys
LogPluginManager: Mounting plugin VisualStudioSourceCodeAccess
LogPluginManager: Mounting plugin CurveEditorTools
LogPluginManager: Mounting plugin TextureFormatOodle
LogPluginManager: Mounting plugin FacialAnimation
LogPluginManager: Mounting plugin GameplayTagsEditor
LogPluginManager: Mounting plugin GeometryMode
LogPluginManager: Mounting plugin MaterialAnalyzer
LogPluginManager: Mounting plugin MacGraphicsSwitching
LogPluginManager: Mounting plugin MobileLauncherProfileWizard
LogPluginManager: Mounting plugin PluginBrowser
LogPluginManager: Mounting plugin DataValidation
LogPluginManager: Mounting plugin LuminPlatformFeatures
LogPluginManager: Mounting plugin SpeedTreeImporter
LogPluginManager: Mounting plugin MagicLeap
LogPluginManager: Mounting plugin MagicLeapLightEstimation
LogPluginManager: Mounting plugin MagicLeapMedia
LogPluginManager: Mounting plugin MagicLeapPassableWorld
LogPluginManager: Mounting plugin MLSDK
LogPluginManager: Mounting plugin AlembicImporter
LogPluginManager: Mounting plugin AutomationUtils
LogPluginManager: Mounting plugin BackChannel
LogPluginManager: Mounting plugin ChaosCloth
LogPluginManager: Mounting plugin ChaosClothEditor
LogPluginManager: Mounting plugin ChaosNiagara
LogPluginManager: Mounting plugin ChaosEditor
LogPluginManager: Mounting plugin ChaosSolverPlugin
LogPluginManager: Mounting plugin CharacterAI
LogPluginManager: Mounting plugin AndroidMedia
LogPluginManager: Mounting plugin ImgMedia
LogPluginManager: Mounting plugin AvfMedia
LogPluginManager: Mounting plugin MediaPlayerEditor
LogPluginManager: Mounting plugin GeometryCache
LogPluginManager: Mounting plugin UdpMessaging
LogPluginManager: Mounting plugin WmfMedia
LogPluginManager: Mounting plugin WebMMedia
LogPluginManager: Mounting plugin MediaCompositing
LogPluginManager: Mounting plugin GeometryProcessing
LogPluginManager: Mounting plugin GeometryCollectionPlugin
LogPluginManager: Mounting plugin TcpMessaging
LogPluginManager: Mounting plugin OpenImageDenoise
LogPluginManager: Mounting plugin PlanarCut
LogPluginManager: Mounting plugin MotoSynth
LogPluginManager: Mounting plugin PythonScriptPlugin
LogPluginManager: Mounting plugin ProxyLODPlugin
LogPluginManager: Mounting plugin PlatformCrypto
LogPluginManager: Mounting plugin LevelSequenceEditor
LogPluginManager: Mounting plugin MatineeToLevelSequence
LogPluginManager: Mounting plugin ActorSequence
LogPluginManager: Mounting plugin TemplateSequence
LogPluginManager: Mounting plugin SkeletalReduction
LogPluginManager: Mounting plugin OnlineSubsystem
LogPluginManager: Mounting plugin OnlineSubsystemNull
LogPluginManager: Mounting plugin OnlineSubsystemUtils
LogPluginManager: Mounting plugin LauncherChunkInstaller
LogPluginManager: Mounting plugin AndroidMoviePlayer
LogPluginManager: Mounting plugin ApexDestruction
LogPluginManager: Mounting plugin AndroidPermission
LogPluginManager: Mounting plugin AppleMoviePlayer
LogPluginManager: Mounting plugin AndroidDeviceProfileSelector
LogPluginManager: Mounting plugin AppleImageUtils
LogPluginManager: Mounting plugin ArchVisCharacter
LogPluginManager: Mounting plugin AudioCapture
LogPluginManager: Mounting plugin AssetTags
LogPluginManager: Mounting plugin AudioSynesthesia
LogPluginManager: Mounting plugin ChunkDownloader
LogPluginManager: Mounting plugin CustomMeshComponent
LogPluginManager: Mounting plugin EditableMesh
LogPluginManager: Mounting plugin ExampleDeviceProfileSelector
LogPluginManager: Mounting plugin ActorLayerUtilities
LogPluginManager: Mounting plugin GoogleCloudMessaging
LogPluginManager: Mounting plugin CableComponent
LogPluginManager: Mounting plugin ScreenshotTools
LogPluginManager: Mounting plugin GooglePAD
LogPluginManager: Mounting plugin IOSDeviceProfileSelector
LogPluginManager: Mounting plugin LinuxDeviceProfileSelector
LogPluginManager: Mounting plugin LocationServicesBPLibrary
LogPluginManager: Mounting plugin MobilePatchingUtils
LogPluginManager: Mounting plugin PostSplashScreen
LogPluginManager: Mounting plugin PhysXVehicles
LogPluginManager: Mounting plugin ProceduralMeshComponent
LogPluginManager: Mounting plugin PropertyAccessEditor
LogPluginManager: Mounting plugin SignificanceManager
LogPluginManager: Mounting plugin SoundFields
LogPluginManager: Mounting plugin Synthesis
LogPluginManager: Mounting plugin RuntimePhysXCooking
LogPluginManager: Mounting plugin WindowsMoviePlayer
LogPluginManager: Mounting plugin WebMMoviePlayer
LogPluginManager: Mounting plugin ContentBrowserAssetDataSource
LogPluginManager: Mounting plugin ContentBrowserClassDataSource
LogPluginManager: Mounting plugin ContentBrowserFileDataSource
LogPluginManager: Mounting plugin OnlineSubsystemGooglePlay
LogPluginManager: Mounting plugin OnlineSubsystemIOS
LogPluginManager: Mounting plugin DatabaseSupport
LogPluginManager: Mounting plugin SQLiteCore
LogPluginManager: Mounting plugin SQLiteSupport
LogPluginManager: Mounting plugin MMAEditorTools
LogPluginManager: Mounting plugin PS1IsoGate
PixWinPlugin: PIX capture plugin failed to initialize! Check that the process is launched from PIX.
LogInit: Using libcurl 7.55.1-DEV
LogInit:  - built for x86_64-pc-win32
LogInit:  - supports SSL with OpenSSL/1.1.1
LogInit:  - supports HTTP deflate (compression) using libz 1.2.8
LogInit:  - other features:
LogInit:      CURL_VERSION_SSL
LogInit:      CURL_VERSION_LIBZ
LogInit:      CURL_VERSION_IPV6
LogInit:      CURL_VERSION_ASYNCHDNS
LogInit:      CURL_VERSION_LARGEFILE
LogInit:      CURL_VERSION_IDN
LogInit:  CurlRequestOptions (configurable via config and command line):
LogInit:  - bVerifyPeer = true  - Libcurl will verify peer certificate
LogInit:  - bUseHttpProxy = false  - Libcurl will NOT use HTTP proxy
LogInit:  - bDontReuseConnections = false  - Libcurl will reuse connections
LogInit:  - MaxHostConnections = 16  - Libcurl will limit the number of connections to a host
LogInit:  - LocalHostAddr = Default
LogInit:  - BufferSize = 65536
LogOnline: OSS: Creating online subsystem instance for: NULL
LogInit: WinSock: version 1.1 (2.2), MaxSocks=32767, MaxUdp=65467
LogOnline: OSS: TryLoadSubsystemAndSetDefault: Loaded subsystem for module [NULL]
LogInit: Build: ++UE4+Release-4.27-CL-18319896
LogInit: Engine Version: 4.27.2-18319896+++UE4+Release-4.27
LogInit: Compatible Engine Version: 4.27.0-17155196+++UE4+Release-4.27
LogInit: Net CL: 17155196
LogInit: OS: Windows 10 (Release 2009) (), CPU: Intel(R) Core(TM) i5-14400F, GPU: NVIDIA GeForce GTX 1050
LogInit: Compiled (64-bit): Nov 30 2021 07:12:08
LogInit: Compiled with Visual C++: 19.24.28315.00
LogInit: Build Configuration: Development
LogInit: Branch Name: ++UE4+Release-4.27
LogInit: Command Line:  C:\Users\adace\Desktop\spyro-blowhards-revenge\Spyro_Bunnited.uproject -run=pythonscript -script="C:\Users\adace\Desktop\spyro-blowhards-revenge\Content\Spyro64\SM64\EditorScripts\inspect_level_properties.py /Game/Spyro64/Levels/05_Level5_PreWhomps" -unattended -nop4 -nosplash -stdout -FullStdOutLogOutput -abslog=C:\Users\adace\Desktop\spyro-blowhards-revenge\Content\Spyro64\SM64\EditorScripts\Logs\inspect_level_properties_2.log
LogInit: Base Directory: C:/Program Files/Epic Games/UE_4.27/Engine/Binaries/Win64/
LogInit: Allocator: TBB
LogInit: Installed Engine Build: 1
LogDevObjectVersion: Number of dev versions registered: 29
LogDevObjectVersion:   Dev-Blueprints (B0D832E4-1F89-4F0D-ACCF-7EB736FD4AA2): 10
LogDevObjectVersion:   Dev-Build (E1C64328-A22C-4D53-A36C-8E866417BD8C): 0
LogDevObjectVersion:   Dev-Core (375EC13C-06E4-48FB-B500-84F0262A717E): 4
LogDevObjectVersion:   Dev-Editor (E4B068ED-F494-42E9-A231-DA0B2E46BB41): 40
LogDevObjectVersion:   Dev-Framework (CFFC743F-43B0-4480-9391-14DF171D2073): 37
LogDevObjectVersion:   Dev-Mobile (B02B49B5-BB20-44E9-A304-32B752E40360): 3
LogDevObjectVersion:   Dev-Networking (A4E4105C-59A1-49B5-A7C5-40C4547EDFEE): 0
LogDevObjectVersion:   Dev-Online (39C831C9-5AE6-47DC-9A44-9C173E1C8E7C): 0
LogDevObjectVersion:   Dev-Physics (78F01B33-EBEA-4F98-B9B4-84EACCB95AA2): 14
LogDevObjectVersion:   Dev-Platform (6631380F-2D4D-43E0-8009-CF276956A95A): 0
LogDevObjectVersion:   Dev-Rendering (12F88B9F-8875-4AFC-A67C-D90C383ABD29): 45
LogDevObjectVersion:   Dev-Sequencer (7B5AE74C-D270-4C10-A958-57980B212A5A): 13
LogDevObjectVersion:   Dev-VR (D7296918-1DD6-4BDD-9DE2-64A83CC13884): 3
LogDevObjectVersion:   Dev-LoadTimes (C2A15278-BFE7-4AFE-6C17-90FF531DF755): 1
LogDevObjectVersion:   Private-Geometry (6EACA3D4-40EC-4CC1-B786-8BED09428FC5): 3
LogDevObjectVersion:   Dev-AnimPhys (29E575DD-E0A3-4627-9D10-D276232CDCEA): 17
LogDevObjectVersion:   Dev-Anim (AF43A65D-7FD3-4947-9873-3E8ED9C1BB05): 15
LogDevObjectVersion:   Dev-ReflectionCapture (6B266CEC-1EC7-4B8F-A30B-E4D90942FC07): 1
LogDevObjectVersion:   Dev-Automation (0DF73D61-A23F-47EA-B727-89E90C41499A): 1
LogDevObjectVersion:   FortniteMain (601D1886-AC64-4F84-AA16-D3DE0DEAC7D6): 47
LogDevObjectVersion:   FortniteRelease (E7086368-6B23-4C58-8439-1B7016265E91): 1
LogDevObjectVersion:   Dev-Enterprise (9DFFBCD6-494F-0158-E221-12823C92A888): 10
LogDevObjectVersion:   Dev-Niagara (F2AED0AC-9AFE-416F-8664-AA7FFA26D6FC): 1
LogDevObjectVersion:   Dev-Destruction (174F1F0B-B4C6-45A5-B13F-2EE8D0FB917D): 10
LogDevObjectVersion:   Dev-Physics-Ext (35F94A83-E258-406C-A318-09F59610247C): 41
LogDevObjectVersion:   Dev-PhysicsMaterial-Chaos (B68FC16E-8B1B-42E2-B453-215C058844FE): 1
LogDevObjectVersion:   Dev-CineCamera (B2E18506-4273-CFC2-A54E-F4BB758BBA07): 1
LogDevObjectVersion:   Dev-VirtualProduction (64F58936-FD1B-42BA-BA96-7289D5D0FA4E): 1
LogDevObjectVersion:   Dev-MediaFramework (6F0ED827-A609-4895-9C91-998D90180EA4): 2
LogInit: Presizing for max 25165824 objects, including 0 objects not considered by GC, pre-allocating 0 bytes for permanent pool.
LogConfig: Applying CVar settings from Section [/Script/Engine.StreamingSettings] File [C:/Users/adace/Desktop/spyro-blowhards-revenge/Saved/Config/Windows/Engine.ini]
LogConfig: Setting CVar [[s.MinBulkDataSizeForAsyncLoading:131072]]
LogConfig: Setting CVar [[s.AsyncLoadingThreadEnabled:0]]
LogConfig: Setting CVar [[s.EventDrivenLoaderEnabled:1]]
LogConfig: Setting CVar [[s.WarnIfTimeLimitExceeded:0]]
LogConfig: Setting CVar [[s.TimeLimitExceededMultiplier:1.5]]
LogConfig: Setting CVar [[s.TimeLimitExceededMinTime:0.005]]
LogConfig: Setting CVar [[s.UseBackgroundLevelStreaming:1]]
LogConfig: Setting CVar [[s.PriorityAsyncLoadingExtraTime:15.0]]
LogConfig: Setting CVar [[s.LevelStreamingActorsUpdateTimeLimit:5.0]]
LogConfig: Setting CVar [[s.PriorityLevelStreamingActorsUpdateExtraTime:5.0]]
LogConfig: Setting CVar [[s.LevelStreamingComponentsRegistrationGranularity:10]]
LogConfig: Setting CVar [[s.UnregisterComponentsTimeLimit:1.0]]
LogConfig: Setting CVar [[s.LevelStreamingComponentsUnregistrationGranularity:5]]
LogConfig: Setting CVar [[s.FlushStreamingOnExit:1]]
LogInit: Object subsystem initialized
LogConfig: Setting CVar [[con.DebugEarlyDefault:1]]
LogConfig: Setting CVar [[r.setres:1280x720]]
[2026.08.18-11.15.31:185][  0]LogConfig: Setting CVar [[con.DebugEarlyDefault:1]]
[2026.08.18-11.15.31:185][  0]LogConfig: Setting CVar [[r.setres:1280x720]]
[2026.08.18-11.15.31:185][  0]LogConfig: Applying CVar settings from Section [/Script/Engine.RendererSettings] File [C:/Users/adace/Desktop/spyro-blowhards-revenge/Saved/Config/Windows/Engine.ini]
[2026.08.18-11.15.31:185][  0]LogConfig: Setting CVar [[r.GPUCrashDebugging:0]]
[2026.08.18-11.15.31:185][  0]LogConfig: Setting CVar [[r.DefaultFeature.MotionBlur:0]]
[2026.08.18-11.15.31:185][  0]LogConfig: Setting CVar [[r.CustomDepth:3]]
[2026.08.18-11.15.31:185][  0]LogConfig: Setting CVar [[r.DefaultFeature.AntiAliasing:0]]
[2026.08.18-11.15.31:185][  0]LogConfig: Setting CVar [[r.GenerateMeshDistanceFields:1]]
[2026.08.18-11.15.31:185][  0]LogConfig: Setting CVar [[r.DistanceFieldBuild.EightBit:1]]
[2026.08.18-11.15.31:185][  0]LogConfig: Applying CVar settings from Section [/Script/Engine.RendererOverrideSettings] File [C:/Users/adace/Desktop/spyro-blowhards-revenge/Saved/Config/Windows/Engine.ini]
[2026.08.18-11.15.31:185][  0]LogConfig: Applying CVar settings from Section [/Script/Engine.StreamingSettings] File [C:/Users/adace/Desktop/spyro-blowhards-revenge/Saved/Config/Windows/Engine.ini]
[2026.08.18-11.15.31:185][  0]LogConfig: Setting CVar [[s.MinBulkDataSizeForAsyncLoading:131072]]
[2026.08.18-11.15.31:185][  0]LogConfig: Setting CVar [[s.AsyncLoadingThreadEnabled:0]]
[2026.08.18-11.15.31:185][  0]LogConfig: Setting CVar [[s.EventDrivenLoaderEnabled:1]]
[2026.08.18-11.15.31:185][  0]LogConfig: Setting CVar [[s.WarnIfTimeLimitExceeded:0]]
[2026.08.18-11.15.31:185][  0]LogConfig: Setting CVar [[s.TimeLimitExceededMultiplier:1.5]]
[2026.08.18-11.15.31:185][  0]LogConfig: Setting CVar [[s.TimeLimitExceededMinTime:0.005]]
[2026.08.18-11.15.31:185][  0]LogConfig: Setting CVar [[s.UseBackgroundLevelStreaming:1]]
[2026.08.18-11.15.31:185][  0]LogConfig: Setting CVar [[s.PriorityAsyncLoadingExtraTime:15.0]]
[2026.08.18-11.15.31:185][  0]LogConfig: Setting CVar [[s.LevelStreamingActorsUpdateTimeLimit:5.0]]
[2026.08.18-11.15.31:185][  0]LogConfig: Setting CVar [[s.PriorityLevelStreamingActorsUpdateExtraTime:5.0]]
[2026.08.18-11.15.31:185][  0]LogConfig: Setting CVar [[s.LevelStreamingComponentsRegistrationGranularity:10]]
[2026.08.18-11.15.31:185][  0]LogConfig: Setting CVar [[s.UnregisterComponentsTimeLimit:1.0]]
[2026.08.18-11.15.31:185][  0]LogConfig: Setting CVar [[s.LevelStreamingComponentsUnregistrationGranularity:5]]
[2026.08.18-11.15.31:185][  0]LogConfig: Setting CVar [[s.FlushStreamingOnExit:1]]
[2026.08.18-11.15.31:185][  0]LogConfig: Applying CVar settings from Section [/Script/Engine.GarbageCollectionSettings] File [C:/Users/adace/Desktop/spyro-blowhards-revenge/Saved/Config/Windows/Engine.ini]
[2026.08.18-11.15.31:185][  0]LogConfig: Setting CVar [[gc.MaxObjectsNotConsideredByGC:1]]
[2026.08.18-11.15.31:185][  0]LogConfig: Setting CVar [[gc.SizeOfPermanentObjectPool:0]]
[2026.08.18-11.15.31:185][  0]LogConfig: Setting CVar [[gc.FlushStreamingOnGC:0]]
[2026.08.18-11.15.31:185][  0]LogConfig: Setting CVar [[gc.NumRetriesBeforeForcingGC:10]]
[2026.08.18-11.15.31:185][  0]LogConfig: Setting CVar [[gc.AllowParallelGC:1]]
[2026.08.18-11.15.31:185][  0]LogConfig: Setting CVar [[gc.TimeBetweenPurgingPendingKillObjects:61.1]]
[2026.08.18-11.15.31:185][  0]LogConfig: Setting CVar [[gc.MaxObjectsInEditor:25165824]]
[2026.08.18-11.15.31:185][  0]LogConfig: Setting CVar [[gc.IncrementalBeginDestroyEnabled:1]]
[2026.08.18-11.15.31:185][  0]LogConfig: Setting CVar [[gc.CreateGCClusters:1]]
[2026.08.18-11.15.31:185][  0]LogConfig: Setting CVar [[gc.MinGCClusterSize:5]]
[2026.08.18-11.15.31:185][  0]LogConfig: Setting CVar [[gc.ActorClusteringEnabled:0]]
[2026.08.18-11.15.31:185][  0]LogConfig: Setting CVar [[gc.BlueprintClusteringEnabled:0]]
[2026.08.18-11.15.31:185][  0]LogConfig: Setting CVar [[gc.UseDisregardForGCOnDedicatedServers:0]]
[2026.08.18-11.15.31:185][  0]LogConfig: Setting CVar [[gc.MultithreadedDestructionEnabled:1]]
[2026.08.18-11.15.31:185][  0]LogConfig: Applying CVar settings from Section [/Script/Engine.NetworkSettings] File [C:/Users/adace/Desktop/spyro-blowhards-revenge/Saved/Config/Windows/Engine.ini]
[2026.08.18-11.15.31:185][  0]LogConfig: Applying CVar settings from Section [/Script/UnrealEd.CookerSettings] File [C:/Users/adace/Desktop/spyro-blowhards-revenge/Saved/Config/Windows/Engine.ini]
[2026.08.18-11.15.31:185][  0]LogConfig: Applying CVar settings from Section [ViewDistanceQuality@3] File [C:/Users/adace/Desktop/spyro-blowhards-revenge/Saved/Config/Windows/Scalability.ini]
[2026.08.18-11.15.31:185][  0]LogConfig: Setting CVar [[r.SkeletalMeshLODBias:0]]
[2026.08.18-11.15.31:185][  0]LogConfig: Setting CVar [[r.ViewDistanceScale:1.0]]
[2026.08.18-11.15.31:185][  0]LogConfig: Applying CVar settings from Section [AntiAliasingQuality@3] File [C:/Users/adace/Desktop/spyro-blowhards-revenge/Saved/Config/Windows/Scalability.ini]
[2026.08.18-11.15.31:185][  0]LogConfig: Setting CVar [[r.PostProcessAAQuality:4]]
[2026.08.18-11.15.31:185][  0]LogConfig: Applying CVar settings from Section [ShadowQuality@3] File [C:/Users/adace/Desktop/spyro-blowhards-revenge/Saved/Config/Windows/Scalability.ini]
[2026.08.18-11.15.31:185][  0]LogConfig: Setting CVar [[r.LightFunctionQuality:1]]
[2026.08.18-11.15.31:186][  0]LogConfig: Setting CVar [[r.ShadowQuality:5]]
[2026.08.18-11.15.31:186][  0]LogConfig: Setting CVar [[r.Shadow.CSM.MaxCascades:10]]
[2026.08.18-11.15.31:186][  0]LogConfig: Setting CVar [[r.Shadow.MaxResolution:2048]]
[2026.08.18-11.15.31:186][  0]LogConfig: Setting CVar [[r.Shadow.MaxCSMResolution:2048]]
[2026.08.18-11.15.31:186][  0]LogConfig: Setting CVar [[r.Shadow.RadiusThreshold:0.01]]
[2026.08.18-11.15.31:186][  0]LogConfig: Setting CVar [[r.Shadow.DistanceScale:1.0]]
[2026.08.18-11.15.31:186][  0]LogConfig: Setting CVar [[r.Shadow.CSM.TransitionScale:1.0]]
[2026.08.18-11.15.31:186][  0]LogConfig: Setting CVar [[r.Shadow.PreShadowResolutionFactor:1.0]]
[2026.08.18-11.15.31:186][  0]LogConfig: Setting CVar [[r.DistanceFieldShadowing:1]]
[2026.08.18-11.15.31:186][  0]LogConfig: Setting CVar [[r.DistanceFieldAO:1]]
[2026.08.18-11.15.31:186][  0]LogConfig: Setting CVar [[r.AOQuality:2]]
[2026.08.18-11.15.31:186][  0]LogConfig: Setting CVar [[r.VolumetricFog:1]]
[2026.08.18-11.15.31:186][  0]LogConfig: Setting CVar [[r.VolumetricFog.GridPixelSize:8]]
[2026.08.18-11.15.31:186][  0]LogConfig: Setting CVar [[r.VolumetricFog.GridSizeZ:128]]
[2026.08.18-11.15.31:186][  0]LogConfig: Setting CVar [[r.VolumetricFog.HistoryMissSupersampleCount:4]]
[2026.08.18-11.15.31:186][  0]LogConfig: Setting CVar [[r.LightMaxDrawDistanceScale:1]]
[2026.08.18-11.15.31:186][  0]LogConfig: Setting CVar [[r.CapsuleShadows:1]]
[2026.08.18-11.15.31:186][  0]LogConfig: Applying CVar settings from Section [PostProcessQuality@3] File [C:/Users/adace/Desktop/spyro-blowhards-revenge/Saved/Config/Windows/Scalability.ini]
[2026.08.18-11.15.31:186][  0]LogConfig: Setting CVar [[r.MotionBlurQuality:4]]
[2026.08.18-11.15.31:186][  0]LogConfig: Setting CVar [[r.AmbientOcclusionMipLevelFactor:0.4]]
[2026.08.18-11.15.31:186][  0]LogConfig: Setting CVar [[r.AmbientOcclusionMaxQuality:100]]
[2026.08.18-11.15.31:186][  0]LogConfig: Setting CVar [[r.AmbientOcclusionLevels:-1]]
[2026.08.18-11.15.31:186][  0]LogConfig: Setting CVar [[r.AmbientOcclusionRadiusScale:1.0]]
[2026.08.18-11.15.31:186][  0]LogConfig: Setting CVar [[r.DepthOfFieldQuality:2]]
[2026.08.18-11.15.31:186][  0]LogConfig: Setting CVar [[r.RenderTargetPoolMin:400]]
[2026.08.18-11.15.31:186][  0]LogConfig: Setting CVar [[r.LensFlareQuality:2]]
[2026.08.18-11.15.31:186][  0]LogConfig: Setting CVar [[r.SceneColorFringeQuality:1]]
[2026.08.18-11.15.31:186][  0]LogConfig: Setting CVar [[r.EyeAdaptationQuality:2]]
[2026.08.18-11.15.31:186][  0]LogConfig: Setting CVar [[r.BloomQuality:5]]
[2026.08.18-11.15.31:186][  0]LogConfig: Setting CVar [[r.FastBlurThreshold:100]]
[2026.08.18-11.15.31:186][  0]LogConfig: Setting CVar [[r.Upscale.Quality:3]]
[2026.08.18-11.15.31:186][  0]LogConfig: Setting CVar [[r.Tonemapper.GrainQuantization:1]]
[2026.08.18-11.15.31:186][  0]LogConfig: Setting CVar [[r.LightShaftQuality:1]]
[2026.08.18-11.15.31:186][  0]LogConfig: Setting CVar [[r.Filter.SizeScale:1]]
[2026.08.18-11.15.31:186][  0]LogConfig: Setting CVar [[r.Tonemapper.Quality:5]]
[2026.08.18-11.15.31:186][  0]LogConfig: Setting CVar [[r.DOF.Gather.AccumulatorQuality:1        ; higher gathering accumulator quality]]
[2026.08.18-11.15.31:186][  0]LogConfig: Setting CVar [[r.DOF.Gather.PostfilterMethod:1          ; Median3x3 postfilering method]]
[2026.08.18-11.15.31:186][  0]LogConfig: Setting CVar [[r.DOF.Gather.EnableBokehSettings:0       ; no bokeh simulation when gathering]]
[2026.08.18-11.15.31:186][  0]LogConfig: Setting CVar [[r.DOF.Gather.RingCount:4                 ; medium number of samples when gathering]]
[2026.08.18-11.15.31:186][  0]LogConfig: Setting CVar [[r.DOF.Scatter.ForegroundCompositing:1    ; additive foreground scattering]]
[2026.08.18-11.15.31:186][  0]LogConfig: Setting CVar [[r.DOF.Scatter.BackgroundCompositing:2    ; additive background scattering]]
[2026.08.18-11.15.31:186][  0]LogConfig: Setting CVar [[r.DOF.Scatter.EnableBokehSettings:1      ; bokeh simulation when scattering]]
[2026.08.18-11.15.31:186][  0]LogConfig: Setting CVar [[r.DOF.Scatter.MaxSpriteRatio:0.1         ; only a maximum of 10% of scattered bokeh]]
[2026.08.18-11.15.31:186][  0]LogConfig: Setting CVar [[r.DOF.Recombine.Quality:1                ; cheap slight out of focus]]
[2026.08.18-11.15.31:186][  0]LogConfig: Setting CVar [[r.DOF.Recombine.EnableBokehSettings:0    ; no bokeh simulation on slight out of focus]]
[2026.08.18-11.15.31:186][  0]LogConfig: Setting CVar [[r.DOF.TemporalAAQuality:1                ; more stable temporal accumulation]]
[2026.08.18-11.15.31:186][  0]LogConfig: Setting CVar [[r.DOF.Kernel.MaxForegroundRadius:0.025]]
[2026.08.18-11.15.31:186][  0]LogConfig: Setting CVar [[r.DOF.Kernel.MaxBackgroundRadius:0.025]]
[2026.08.18-11.15.31:186][  0]LogConfig: Applying CVar settings from Section [TextureQuality@3] File [C:/Users/adace/Desktop/spyro-blowhards-revenge/Saved/Config/Windows/Scalability.ini]
[2026.08.18-11.15.31:186][  0]LogConfig: Setting CVar [[r.Streaming.MipBias:0]]
[2026.08.18-11.15.31:186][  0]LogConfig: Setting CVar [[r.Streaming.AmortizeCPUToGPUCopy:0]]
[2026.08.18-11.15.31:186][  0]LogConfig: Setting CVar [[r.Streaming.MaxNumTexturesToStreamPerFrame:0]]
[2026.08.18-11.15.31:186][  0]LogConfig: Setting CVar [[r.Streaming.Boost:1]]
[2026.08.18-11.15.31:186][  0]LogConfig: Setting CVar [[r.MaxAnisotropy:8]]
[2026.08.18-11.15.31:186][  0]LogConfig: Setting CVar [[r.VT.MaxAnisotropy:8]]
[2026.08.18-11.15.31:186][  0]LogConfig: Setting CVar [[r.Streaming.LimitPoolSizeToVRAM:0]]
[2026.08.18-11.15.31:186][  0]LogConfig: Setting CVar [[r.Streaming.PoolSize:1000]]
[2026.08.18-11.15.31:186][  0]LogConfig: Setting CVar [[r.Streaming.MaxEffectiveScreenSize:0]]
[2026.08.18-11.15.31:186][  0]LogConfig: Applying CVar settings from Section [EffectsQuality@3] File [C:/Users/adace/Desktop/spyro-blowhards-revenge/Saved/Config/Windows/Scalability.ini]
[2026.08.18-11.15.31:186][  0]LogConfig: Setting CVar [[r.TranslucencyLightingVolumeDim:64]]
[2026.08.18-11.15.31:186][  0]LogConfig: Setting CVar [[r.RefractionQuality:2]]
[2026.08.18-11.15.31:186][  0]LogConfig: Setting CVar [[r.SSR.Quality:3]]
[2026.08.18-11.15.31:186][  0]LogConfig: Setting CVar [[r.SSR.HalfResSceneColor:0]]
[2026.08.18-11.15.31:186][  0]LogConfig: Setting CVar [[r.SceneColorFormat:4]]
[2026.08.18-11.15.31:187][  0]LogConfig: Setting CVar [[r.DetailMode:2]]
[2026.08.18-11.15.31:187][  0]LogConfig: Setting CVar [[r.TranslucencyVolumeBlur:1]]
[2026.08.18-11.15.31:187][  0]LogConfig: Setting CVar [[r.MaterialQualityLevel:1 ; High quality]]
[2026.08.18-11.15.31:187][  0]LogConfig: Setting CVar [[r.AnisotropicMaterials:1]]
[2026.08.18-11.15.31:187][  0]LogConfig: Setting CVar [[r.SSS.Scale:1]]
[2026.08.18-11.15.31:187][  0]LogConfig: Setting CVar [[r.SSS.SampleSet:2]]
[2026.08.18-11.15.31:187][  0]LogConfig: Setting CVar [[r.SSS.Quality:1]]
[2026.08.18-11.15.31:187][  0]LogConfig: Setting CVar [[r.SSS.HalfRes:0]]
[2026.08.18-11.15.31:187][  0]LogConfig: Setting CVar [[r.SSGI.Quality:3]]
[2026.08.18-11.15.31:187][  0]LogConfig: Setting CVar [[r.EmitterSpawnRateScale:1.0]]
[2026.08.18-11.15.31:187][  0]LogConfig: Setting CVar [[r.ParticleLightQuality:2]]
[2026.08.18-11.15.31:187][  0]LogConfig: Setting CVar [[r.SkyAtmosphere.AerialPerspectiveLUT.FastApplyOnOpaque:1 ; Always have FastSkyLUT 1 in this case to avoid wrong sky]]
[2026.08.18-11.15.31:187][  0]LogConfig: Setting CVar [[r.SkyAtmosphere.AerialPerspectiveLUT.SampleCountMaxPerSlice:4]]
[2026.08.18-11.15.31:187][  0]LogConfig: Setting CVar [[r.SkyAtmosphere.AerialPerspectiveLUT.DepthResolution:16.0]]
[2026.08.18-11.15.31:187][  0]LogConfig: Setting CVar [[r.SkyAtmosphere.FastSkyLUT:1]]
[2026.08.18-11.15.31:187][  0]LogConfig: Setting CVar [[r.SkyAtmosphere.FastSkyLUT.SampleCountMin:4.0]]
[2026.08.18-11.15.31:187][  0]LogConfig: Setting CVar [[r.SkyAtmosphere.FastSkyLUT.SampleCountMax:128.0]]
[2026.08.18-11.15.31:187][  0]LogConfig: Setting CVar [[r.SkyAtmosphere.SampleCountMin:4.0]]
[2026.08.18-11.15.31:187][  0]LogConfig: Setting CVar [[r.SkyAtmosphere.SampleCountMax:128.0]]
[2026.08.18-11.15.31:187][  0]LogConfig: Setting CVar [[r.SkyAtmosphere.TransmittanceLUT.UseSmallFormat:0]]
[2026.08.18-11.15.31:187][  0]LogConfig: Setting CVar [[r.SkyAtmosphere.TransmittanceLUT.SampleCount:10.0]]
[2026.08.18-11.15.31:187][  0]LogConfig: Setting CVar [[r.SkyAtmosphere.MultiScatteringLUT.SampleCount:15.0]]
[2026.08.18-11.15.31:187][  0]LogConfig: Setting CVar [[r.SkyLight.RealTimeReflectionCapture:1]]
[2026.08.18-11.15.31:187][  0]LogConfig: Applying CVar settings from Section [FoliageQuality@3] File [C:/Users/adace/Desktop/spyro-blowhards-revenge/Saved/Config/Windows/Scalability.ini]
[2026.08.18-11.15.31:187][  0]LogConfig: Setting CVar [[foliage.DensityScale:1.0]]
[2026.08.18-11.15.31:187][  0]LogConfig: Setting CVar [[grass.DensityScale:1.0]]
[2026.08.18-11.15.31:187][  0]LogConfig: Applying CVar settings from Section [ShadingQuality@3] File [C:/Users/adace/Desktop/spyro-blowhards-revenge/Saved/Config/Windows/Scalability.ini]
[2026.08.18-11.15.31:187][  0]LogConfig: Setting CVar [[r.HairStrands.SkyLighting.IntegrationType:2]]
[2026.08.18-11.15.31:187][  0]LogConfig: Setting CVar [[r.HairStrands.SkyAO.SampleCount:4]]
[2026.08.18-11.15.31:187][  0]LogConfig: Setting CVar [[r.HairStrands.Visibility.MSAA.SamplePerPixel:4]]
[2026.08.18-11.15.31:191][  0]LogInit: Selected Device Profile: [Windows]
[2026.08.18-11.15.31:191][  0]LogInit: Applying CVar settings loaded from the selected device profile: [Windows]
[2026.08.18-11.15.31:191][  0]LogHAL: Display: Platform has ~ 32 GB [34191212544 / 34359738368 / 32], which maps to Largest [LargestMinGB=32, LargerMinGB=12, DefaultMinGB=8, SmallerMinGB=6, SmallestMinGB=0)
[2026.08.18-11.15.31:191][  0]LogInit: Going up to parent DeviceProfile []
[2026.08.18-11.15.31:191][  0]LogConfig: Applying CVar settings from Section [ViewDistanceQuality@3] File [C:/Users/adace/Desktop/spyro-blowhards-revenge/Saved/Config/Windows/Scalability.ini]
[2026.08.18-11.15.31:191][  0]LogConfig: Setting CVar [[r.SkeletalMeshLODBias:0]]
[2026.08.18-11.15.31:191][  0]LogConfig: Setting CVar [[r.ViewDistanceScale:1.0]]
[2026.08.18-11.15.31:191][  0]LogConfig: Applying CVar settings from Section [AntiAliasingQuality@0] File [C:/Users/adace/Desktop/spyro-blowhards-revenge/Saved/Config/Windows/Scalability.ini]
[2026.08.18-11.15.31:191][  0]LogConfig: Setting CVar [[r.PostProcessAAQuality:0]]
[2026.08.18-11.15.31:191][  0]LogConfig: Applying CVar settings from Section [ShadowQuality@3] File [C:/Users/adace/Desktop/spyro-blowhards-revenge/Saved/Config/Windows/Scalability.ini]
[2026.08.18-11.15.31:191][  0]LogConfig: Setting CVar [[r.LightFunctionQuality:1]]
[2026.08.18-11.15.31:191][  0]LogConfig: Setting CVar [[r.ShadowQuality:5]]
[2026.08.18-11.15.31:191][  0]LogConfig: Setting CVar [[r.Shadow.CSM.MaxCascades:10]]
[2026.08.18-11.15.31:191][  0]LogConfig: Setting CVar [[r.Shadow.MaxResolution:2048]]
[2026.08.18-11.15.31:191][  0]LogConfig: Setting CVar [[r.Shadow.MaxCSMResolution:2048]]
[2026.08.18-11.15.31:191][  0]LogConfig: Setting CVar [[r.Shadow.RadiusThreshold:0.01]]
[2026.08.18-11.15.31:191][  0]LogConfig: Setting CVar [[r.Shadow.DistanceScale:1.0]]
[2026.08.18-11.15.31:191][  0]LogConfig: Setting CVar [[r.Shadow.CSM.TransitionScale:1.0]]
[2026.08.18-11.15.31:191][  0]LogConfig: Setting CVar [[r.Shadow.PreShadowResolutionFactor:1.0]]
[2026.08.18-11.15.31:191][  0]LogConfig: Setting CVar [[r.DistanceFieldShadowing:1]]
[2026.08.18-11.15.31:191][  0]LogConfig: Setting CVar [[r.DistanceFieldAO:1]]
[2026.08.18-11.15.31:191][  0]LogConfig: Setting CVar [[r.AOQuality:2]]
[2026.08.18-11.15.31:191][  0]LogConfig: Setting CVar [[r.VolumetricFog:1]]
[2026.08.18-11.15.31:191][  0]LogConfig: Setting CVar [[r.VolumetricFog.GridPixelSize:8]]
[2026.08.18-11.15.31:191][  0]LogConfig: Setting CVar [[r.VolumetricFog.GridSizeZ:128]]
[2026.08.18-11.15.31:191][  0]LogConfig: Setting CVar [[r.VolumetricFog.HistoryMissSupersampleCount:4]]
[2026.08.18-11.15.31:191][  0]LogConfig: Setting CVar [[r.LightMaxDrawDistanceScale:1]]
[2026.08.18-11.15.31:191][  0]LogConfig: Setting CVar [[r.CapsuleShadows:1]]
[2026.08.18-11.15.31:191][  0]LogConfig: Applying CVar settings from Section [PostProcessQuality@3] File [C:/Users/adace/Desktop/spyro-blowhards-revenge/Saved/Config/Windows/Scalability.ini]
[2026.08.18-11.15.31:191][  0]LogConfig: Setting CVar [[r.MotionBlurQuality:4]]
[2026.08.18-11.15.31:191][  0]LogConfig: Setting CVar [[r.AmbientOcclusionMipLevelFactor:0.4]]
[2026.08.18-11.15.31:191][  0]LogConfig: Setting CVar [[r.AmbientOcclusionMaxQuality:100]]
[2026.08.18-11.15.31:191][  0]LogConfig: Setting CVar [[r.AmbientOcclusionLevels:-1]]
[2026.08.18-11.15.31:191][  0]LogConfig: Setting CVar [[r.AmbientOcclusionRadiusScale:1.0]]
[2026.08.18-11.15.31:191][  0]LogConfig: Setting CVar [[r.DepthOfFieldQuality:2]]
[2026.08.18-11.15.31:191][  0]LogConfig: Setting CVar [[r.RenderTargetPoolMin:400]]
[2026.08.18-11.15.31:191][  0]LogConfig: Setting CVar [[r.LensFlareQuality:2]]
[2026.08.18-11.15.31:191][  0]LogConfig: Setting CVar [[r.SceneColorFringeQuality:1]]
[2026.08.18-11.15.31:191][  0]LogConfig: Setting CVar [[r.EyeAdaptationQuality:2]]
[2026.08.18-11.15.31:191][  0]LogConfig: Setting CVar [[r.BloomQuality:5]]
[2026.08.18-11.15.31:191][  0]LogConfig: Setting CVar [[r.FastBlurThreshold:100]]
[2026.08.18-11.15.31:191][  0]LogConfig: Setting CVar [[r.Upscale.Quality:3]]
[2026.08.18-11.15.31:191][  0]LogConfig: Setting CVar [[r.Tonemapper.GrainQuantization:1]]
[2026.08.18-11.15.31:191][  0]LogConfig: Setting CVar [[r.LightShaftQuality:1]]
[2026.08.18-11.15.31:191][  0]LogConfig: Setting CVar [[r.Filter.SizeScale:1]]
[2026.08.18-11.15.31:191][  0]LogConfig: Setting CVar [[r.Tonemapper.Quality:5]]
[2026.08.18-11.15.31:191][  0]LogConfig: Setting CVar [[r.DOF.Gather.AccumulatorQuality:1        ; higher gathering accumulator quality]]
[2026.08.18-11.15.31:191][  0]LogConfig: Setting CVar [[r.DOF.Gather.PostfilterMethod:1          ; Median3x3 postfilering method]]
[2026.08.18-11.15.31:191][  0]LogConfig: Setting CVar [[r.DOF.Gather.EnableBokehSettings:0       ; no bokeh simulation when gathering]]
[2026.08.18-11.15.31:191][  0]LogConfig: Setting CVar [[r.DOF.Gather.RingCount:4                 ; medium number of samples when gathering]]
[2026.08.18-11.15.31:191][  0]LogConfig: Setting CVar [[r.DOF.Scatter.ForegroundCompositing:1    ; additive foreground scattering]]
[2026.08.18-11.15.31:191][  0]LogConfig: Setting CVar [[r.DOF.Scatter.BackgroundCompositing:2    ; additive background scattering]]
[2026.08.18-11.15.31:191][  0]LogConfig: Setting CVar [[r.DOF.Scatter.EnableBokehSettings:1      ; bokeh simulation when scattering]]
[2026.08.18-11.15.31:192][  0]LogConfig: Setting CVar [[r.DOF.Scatter.MaxSpriteRatio:0.1         ; only a maximum of 10% of scattered bokeh]]
[2026.08.18-11.15.31:192][  0]LogConfig: Setting CVar [[r.DOF.Recombine.Quality:1                ; cheap slight out of focus]]
[2026.08.18-11.15.31:192][  0]LogConfig: Setting CVar [[r.DOF.Recombine.EnableBokehSettings:0    ; no bokeh simulation on slight out of focus]]
[2026.08.18-11.15.31:192][  0]LogConfig: Setting CVar [[r.DOF.TemporalAAQuality:1                ; more stable temporal accumulation]]
[2026.08.18-11.15.31:192][  0]LogConfig: Setting CVar [[r.DOF.Kernel.MaxForegroundRadius:0.025]]
[2026.08.18-11.15.31:192][  0]LogConfig: Setting CVar [[r.DOF.Kernel.MaxBackgroundRadius:0.025]]
[2026.08.18-11.15.31:192][  0]LogConfig: Applying CVar settings from Section [TextureQuality@3] File [C:/Users/adace/Desktop/spyro-blowhards-revenge/Saved/Config/Windows/Scalability.ini]
[2026.08.18-11.15.31:192][  0]LogConfig: Setting CVar [[r.Streaming.MipBias:0]]
[2026.08.18-11.15.31:192][  0]LogConfig: Setting CVar [[r.Streaming.AmortizeCPUToGPUCopy:0]]
[2026.08.18-11.15.31:192][  0]LogConfig: Setting CVar [[r.Streaming.MaxNumTexturesToStreamPerFrame:0]]
[2026.08.18-11.15.31:192][  0]LogConfig: Setting CVar [[r.Streaming.Boost:1]]
[2026.08.18-11.15.31:192][  0]LogConfig: Setting CVar [[r.MaxAnisotropy:8]]
[2026.08.18-11.15.31:192][  0]LogConfig: Setting CVar [[r.VT.MaxAnisotropy:8]]
[2026.08.18-11.15.31:192][  0]LogConfig: Setting CVar [[r.Streaming.LimitPoolSizeToVRAM:0]]
[2026.08.18-11.15.31:192][  0]LogConfig: Setting CVar [[r.Streaming.PoolSize:1000]]
[2026.08.18-11.15.31:192][  0]LogConfig: Setting CVar [[r.Streaming.MaxEffectiveScreenSize:0]]
[2026.08.18-11.15.31:192][  0]LogConfig: Applying CVar settings from Section [EffectsQuality@3] File [C:/Users/adace/Desktop/spyro-blowhards-revenge/Saved/Config/Windows/Scalability.ini]
[2026.08.18-11.15.31:192][  0]LogConfig: Setting CVar [[r.TranslucencyLightingVolumeDim:64]]
[2026.08.18-11.15.31:192][  0]LogConfig: Setting CVar [[r.RefractionQuality:2]]
[2026.08.18-11.15.31:192][  0]LogConfig: Setting CVar [[r.SSR.Quality:3]]
[2026.08.18-11.15.31:192][  0]LogConfig: Setting CVar [[r.SSR.HalfResSceneColor:0]]
[2026.08.18-11.15.31:192][  0]LogConfig: Setting CVar [[r.SceneColorFormat:4]]
[2026.08.18-11.15.31:192][  0]LogConfig: Setting CVar [[r.DetailMode:2]]
[2026.08.18-11.15.31:192][  0]LogConfig: Setting CVar [[r.TranslucencyVolumeBlur:1]]
[2026.08.18-11.15.31:192][  0]LogConfig: Setting CVar [[r.MaterialQualityLevel:1 ; High quality]]
[2026.08.18-11.15.31:192][  0]LogConfig: Setting CVar [[r.AnisotropicMaterials:1]]
[2026.08.18-11.15.31:192][  0]LogConfig: Setting CVar [[r.SSS.Scale:1]]
[2026.08.18-11.15.31:192][  0]LogConfig: Setting CVar [[r.SSS.SampleSet:2]]
[2026.08.18-11.15.31:192][  0]LogConfig: Setting CVar [[r.SSS.Quality:1]]
[2026.08.18-11.15.31:192][  0]LogConfig: Setting CVar [[r.SSS.HalfRes:0]]
[2026.08.18-11.15.31:192][  0]LogConfig: Setting CVar [[r.SSGI.Quality:3]]
[2026.08.18-11.15.31:192][  0]LogConfig: Setting CVar [[r.EmitterSpawnRateScale:1.0]]
[2026.08.18-11.15.31:192][  0]LogConfig: Setting CVar [[r.ParticleLightQuality:2]]
[2026.08.18-11.15.31:192][  0]LogConfig: Setting CVar [[r.SkyAtmosphere.AerialPerspectiveLUT.FastApplyOnOpaque:1 ; Always have FastSkyLUT 1 in this case to avoid wrong sky]]
[2026.08.18-11.15.31:192][  0]LogConfig: Setting CVar [[r.SkyAtmosphere.AerialPerspectiveLUT.SampleCountMaxPerSlice:4]]
[2026.08.18-11.15.31:192][  0]LogConfig: Setting CVar [[r.SkyAtmosphere.AerialPerspectiveLUT.DepthResolution:16.0]]
[2026.08.18-11.15.31:192][  0]LogConfig: Setting CVar [[r.SkyAtmosphere.FastSkyLUT:1]]
[2026.08.18-11.15.31:192][  0]LogConfig: Setting CVar [[r.SkyAtmosphere.FastSkyLUT.SampleCountMin:4.0]]
[2026.08.18-11.15.31:192][  0]LogConfig: Setting CVar [[r.SkyAtmosphere.FastSkyLUT.SampleCountMax:128.0]]
[2026.08.18-11.15.31:192][  0]LogConfig: Setting CVar [[r.SkyAtmosphere.SampleCountMin:4.0]]
[2026.08.18-11.15.31:192][  0]LogConfig: Setting CVar [[r.SkyAtmosphere.SampleCountMax:128.0]]
[2026.08.18-11.15.31:192][  0]LogConfig: Setting CVar [[r.SkyAtmosphere.TransmittanceLUT.UseSmallFormat:0]]
[2026.08.18-11.15.31:192][  0]LogConfig: Setting CVar [[r.SkyAtmosphere.TransmittanceLUT.SampleCount:10.0]]
[2026.08.18-11.15.31:192][  0]LogConfig: Setting CVar [[r.SkyAtmosphere.MultiScatteringLUT.SampleCount:15.0]]
[2026.08.18-11.15.31:192][  0]LogConfig: Setting CVar [[r.SkyLight.RealTimeReflectionCapture:1]]
[2026.08.18-11.15.31:192][  0]LogConfig: Applying CVar settings from Section [FoliageQuality@3] File [C:/Users/adace/Desktop/spyro-blowhards-revenge/Saved/Config/Windows/Scalability.ini]
[2026.08.18-11.15.31:192][  0]LogConfig: Setting CVar [[foliage.DensityScale:1.0]]
[2026.08.18-11.15.31:192][  0]LogConfig: Setting CVar [[grass.DensityScale:1.0]]
[2026.08.18-11.15.31:192][  0]LogConfig: Applying CVar settings from Section [ShadingQuality@3] File [C:/Users/adace/Desktop/spyro-blowhards-revenge/Saved/Config/Windows/Scalability.ini]
[2026.08.18-11.15.31:192][  0]LogConfig: Setting CVar [[r.HairStrands.SkyLighting.IntegrationType:2]]
[2026.08.18-11.15.31:192][  0]LogConfig: Setting CVar [[r.HairStrands.SkyAO.SampleCount:4]]
[2026.08.18-11.15.31:192][  0]LogConfig: Setting CVar [[r.HairStrands.Visibility.MSAA.SamplePerPixel:4]]
[2026.08.18-11.15.31:192][  0]LogConfig: Applying CVar settings from Section [Startup] File [../../../Engine/Config/ConsoleVariables.ini]
[2026.08.18-11.15.31:193][  0]LogConfig: Setting CVar [[net.UseAdaptiveNetUpdateFrequency:0]]
[2026.08.18-11.15.31:193][  0]LogConfig: Setting CVar [[p.chaos.AllowCreatePhysxBodies:1]]
[2026.08.18-11.15.31:193][  0]LogConfig: Setting CVar [[fx.SkipVectorVMBackendOptimizations:1]]
[2026.08.18-11.15.31:193][  0]LogConfig: Applying CVar settings from Section [ConsoleVariables] File [C:/Users/adace/Desktop/spyro-blowhards-revenge/Saved/Config/Windows/Engine.ini]
[2026.08.18-11.15.31:193][  0]LogConfig: Applying CVar settings from Section [ConsoleVariables] File [C:/Users/adace/Desktop/spyro-blowhards-revenge/Saved/Config/Windows/Editor.ini]
[2026.08.18-11.15.31:193][  0]LogInit: Computer: DESKTOP-OCQ2307
[2026.08.18-11.15.31:193][  0]LogInit: User: adace
[2026.08.18-11.15.31:193][  0]LogInit: CPU Page size=4096, Cores=10
[2026.08.18-11.15.31:193][  0]LogInit: High frequency timer resolution =10.000000 MHz
[2026.08.18-11.15.31:193][  0]LogMemory: Memory total: Physical=31.8GB (32GB approx)
[2026.08.18-11.15.31:193][  0]LogMemory: Platform Memory Stats for Windows
[2026.08.18-11.15.31:193][  0]LogMemory: Process Physical Memory: 149.48 MB used, 149.48 MB peak
[2026.08.18-11.15.31:193][  0]LogMemory: Process Virtual Memory: 128.36 MB used, 128.36 MB peak
[2026.08.18-11.15.31:193][  0]LogMemory: Physical Memory: 14781.92 MB used,  17825.36 MB free, 32607.28 MB total
[2026.08.18-11.15.31:193][  0]LogMemory: Virtual Memory: 134204312.00 MB used,  13419.45 MB free, 134217728.00 MB total
[2026.08.18-11.15.31:198][  0]LogWindows: WindowsPlatformFeatures enabled
[2026.08.18-11.15.31:234][  0]LogInit: Physics initialised using underlying interface: PhysX
[2026.08.18-11.15.31:234][  0]LogInit: Using OS detected language (en-US).
[2026.08.18-11.15.31:234][  0]LogInit: Using OS detected locale (en-AU).
[2026.08.18-11.15.31:237][  0]LogTextLocalizationManager: No specific localization for 'en-US' exists, so the 'en' localization will be used.
[2026.08.18-11.15.31:659][  0]LogTargetPlatformManager: Display: Loaded TargetPlatform 'AllDesktop'
[2026.08.18-11.15.31:675][  0]LogTargetPlatformManager: Display: Loaded TargetPlatform 'Android'
[2026.08.18-11.15.31:675][  0]LogTargetPlatformManager: Display: Loaded TargetPlatform 'Android_ASTC'
[2026.08.18-11.15.31:675][  0]LogTargetPlatformManager: Display: Loaded TargetPlatform 'Android_DXT'
[2026.08.18-11.15.31:675][  0]LogTargetPlatformManager: Display: Loaded TargetPlatform 'Android_ETC2'
[2026.08.18-11.15.31:675][  0]LogTargetPlatformManager: Display: Loaded TargetPlatform 'AndroidClient'
[2026.08.18-11.15.31:675][  0]LogTargetPlatformManager: Display: Loaded TargetPlatform 'Android_ASTCClient'
[2026.08.18-11.15.31:675][  0]LogTargetPlatformManager: Display: Loaded TargetPlatform 'Android_DXTClient'
[2026.08.18-11.15.31:675][  0]LogTargetPlatformManager: Display: Loaded TargetPlatform 'Android_ETC2Client'
[2026.08.18-11.15.31:675][  0]LogTargetPlatformManager: Display: Loaded TargetPlatform 'Android_Multi'
[2026.08.18-11.15.31:675][  0]LogTargetPlatformManager: Display: Loaded TargetPlatform 'Android_MultiClient'
[2026.08.18-11.15.31:689][  0]LogTargetPlatformManager: Display: Loaded TargetPlatform 'IOSClient'
[2026.08.18-11.15.31:689][  0]LogTargetPlatformManager: Display: Loaded TargetPlatform 'IOS'
[2026.08.18-11.15.31:696][  0]LogTargetPlatformManager: Display: Loaded TargetPlatform 'Linux'
[2026.08.18-11.15.31:700][  0]LogTargetPlatformManager: Display: Loaded TargetPlatform 'LinuxNoEditor'
[2026.08.18-11.15.31:704][  0]LogTargetPlatformManager: Display: Loaded TargetPlatform 'LinuxClient'
[2026.08.18-11.15.31:708][  0]LogTargetPlatformManager: Display: Loaded TargetPlatform 'LinuxServer'
[2026.08.18-11.15.31:714][  0]LogTargetPlatformManager: Display: Loaded TargetPlatform 'LinuxAArch64NoEditor'
[2026.08.18-11.15.31:719][  0]LogTargetPlatformManager: Display: Loaded TargetPlatform 'LinuxAArch64Client'
[2026.08.18-11.15.31:722][  0]LogTargetPlatformManager: Display: Loaded TargetPlatform 'LinuxAArch64Server'
[2026.08.18-11.15.31:739][  0]LogTargetPlatformManager: Display: Loaded TargetPlatform 'Lumin'
[2026.08.18-11.15.31:739][  0]LogTargetPlatformManager: Display: Loaded TargetPlatform 'LuminClient'
[2026.08.18-11.15.31:745][  0]LogTargetPlatformManager: Display: Loaded TargetPlatform 'MacNoEditor'
[2026.08.18-11.15.31:749][  0]LogTargetPlatformManager: Display: Loaded TargetPlatform 'Mac'
[2026.08.18-11.15.31:753][  0]LogTargetPlatformManager: Display: Loaded TargetPlatform 'MacClient'
[2026.08.18-11.15.31:756][  0]LogTargetPlatformManager: Display: Loaded TargetPlatform 'MacServer'
[2026.08.18-11.15.31:765][  0]LogTargetPlatformManager: Display: Loaded TargetPlatform 'TVOSClient'
[2026.08.18-11.15.31:765][  0]LogTargetPlatformManager: Display: Loaded TargetPlatform 'TVOS'
[2026.08.18-11.15.31:772][  0]LogTargetPlatformManager: Display: Loaded TargetPlatform 'WindowsNoEditor'
[2026.08.18-11.15.31:775][  0]LogTargetPlatformManager: Display: Loaded TargetPlatform 'Windows'
[2026.08.18-11.15.31:780][  0]LogTargetPlatformManager: Display: Loaded TargetPlatform 'WindowsClient'
[2026.08.18-11.15.31:784][  0]LogTargetPlatformManager: Display: Loaded TargetPlatform 'WindowsServer'
[2026.08.18-11.15.31:784][  0]LogTargetPlatformManager: Display: Building Assets For Windows
[2026.08.18-11.15.31:790][  0]LogAudioDebug: Display: Lib vorbis DLL was dynamically loaded.
[2026.08.18-11.15.31:817][  0]LogTextureFormatOodle: Display: Oodle Texture 2.9.0 init RDO Off
[2026.08.18-11.15.31:848][  0]LogRendererCore: Ray tracing is disabled. Reason: r.RayTracing=0.
[2026.08.18-11.15.31:848][  0]LogShaderCompilers: Guid format shader working directory is -16 characters bigger than the processId version (../../../../../../Users/adace/Desktop/spyro-blowhards-revenge/Intermediate/Shaders/WorkingDirectory/30136/).
[2026.08.18-11.15.31:848][  0]LogShaderCompilers: Cleaned the shader compiler working directory 'C:/Users/adace/AppData/Local/Temp/UnrealShaderWorkingDir/ECC14298431E5DE001125F9CFAE42909/'.
[2026.08.18-11.15.31:848][  0]LogXGEController: Cannot use XGE Controller as Incredibuild is not installed on this machine.
[2026.08.18-11.15.31:848][  0]LogShaderCompilers: Cannot use XGE Shader Compiler as Incredibuild is not installed on this machine.
[2026.08.18-11.15.31:848][  0]LogShaderCompilers: Display: Using Local Shader Compiler.
[2026.08.18-11.15.32:283][  0]LogDerivedDataCache: Display: Max Cache Size: 512 MB
[2026.08.18-11.15.32:310][  0]LogDerivedDataCache: Loaded boot cache 0.03s 81MB C:/Users/adace/AppData/Local/UnrealEngine/4.27/DerivedDataCache/Boot.ddc.
[2026.08.18-11.15.32:310][  0]LogDerivedDataCache: Display: Loaded Boot cache: C:/Users/adace/AppData/Local/UnrealEngine/4.27/DerivedDataCache/Boot.ddc
[2026.08.18-11.15.32:310][  0]LogDerivedDataCache: FDerivedDataBackendGraph:  Pak pak cache file ../../../../../../Users/adace/Desktop/spyro-blowhards-revenge/DerivedDataCache/DDC.ddp not found, will not use a pak cache.
[2026.08.18-11.15.32:310][  0]LogDerivedDataCache: Unable to find inner node Pak for hierarchical cache Hierarchy.
[2026.08.18-11.15.32:310][  0]LogDerivedDataCache: FDerivedDataBackendGraph:  CompressedPak pak cache file ../../../../../../Users/adace/Desktop/spyro-blowhards-revenge/DerivedDataCache/Compressed.ddp not found, will not use a pak cache.
[2026.08.18-11.15.32:310][  0]LogDerivedDataCache: Unable to find inner node CompressedPak for hierarchical cache Hierarchy.
[2026.08.18-11.15.32:327][  0]LogDerivedDataCache: Display: Pak cache opened for reading ../../../Engine/DerivedDataCache/Compressed.ddp.
[2026.08.18-11.15.32:327][  0]LogDerivedDataCache: FDerivedDataBackendGraph:  EnterprisePak pak cache file ../../../Enterprise/DerivedDataCache/Compressed.ddp not found, will not use a pak cache.
[2026.08.18-11.15.32:327][  0]LogDerivedDataCache: Unable to find inner node EnterprisePak for hierarchical cache Hierarchy.
[2026.08.18-11.15.32:340][  0]LogDerivedDataCache: Speed tests for C:/Users/adace/AppData/Local/UnrealEngine/Common/DerivedDataCache took 0.01 seconds
[2026.08.18-11.15.32:340][  0]LogDerivedDataCache: Display: Performance to C:/Users/adace/AppData/Local/UnrealEngine/Common/DerivedDataCache: Latency=0.02ms. RandomReadSpeed=1446.08MBs, RandomWriteSpeed=70.56MBs. Assigned SpeedClass 'Local'
[2026.08.18-11.15.32:341][  0]LogDerivedDataCache: Using Local data cache path C:/Users/adace/AppData/Local/UnrealEngine/Common/DerivedDataCache: Writable
[2026.08.18-11.15.32:341][  0]LogDerivedDataCache: Shared data cache path not found in *engine.ini, will not use an Shared cache.
[2026.08.18-11.15.32:341][  0]LogDerivedDataCache: Unable to find inner node Shared for hierarchical cache Hierarchy.
[2026.08.18-11.15.32:349][  0]LogAssetRegistry: FAssetRegistry took 0.0016 seconds to start up
[2026.08.18-11.15.32:511][  0]LogInit: Selected Device Profile: [Windows]
[2026.08.18-11.15.32:511][  0]LogInit: Active device profile: [0000027D82247800][0000027DF09A2600 49] Windows
[2026.08.18-11.15.32:511][  0]LogInit: Profiles: [0000027D82247800][0000027DF09A2600 49] Windows, [0000027D82210A00][0000027DFE830780 49] WindowsNoEditor, [0000027D82244A00][0000027DFE834900 49] WindowsServer, [0000027D82212D00][0000027DFE838A80 49] WindowsClient, [0000027D82246D00][0000027DFE83CC00 49] IOS, [0000027D82213800][0000027DFE840D80 49] iPadAir, [0000027D82247F00][0000027DFE844F00 49] iPadAir2, [0000027D821B7900][0000027DFE84F140 49] IPadPro, [0000027D821B7A00][0000027DF09A7180 49] iPadAir3, [0000027D82246500][0000027DFE8532C0 49] iPadAir4, [0000027D821B4F00][0000027DFDF99400 49] iPadMini2, [0000027D82245A00][0000027DFDFA1580 49] iPadMini3, [0000027D821B6800][0000027DFDFA5700 49] iPadMini4, [0000027D82247500][0000027DFDFA9880 49] iPadMini5, [0000027D82203200][0000027DFDFB1B40 49] iPhone6, [0000027D82203300][0000027DFDFADB80 49] iPodTouch6, [0000027D821B6100][0000027DFDFB82C0 49] iPhone7, [0000027D821B6200][0000027DFDFB4300 49] iPodTouch7, [0000027D82200E00][0000027DFDFBC480 49] iPhone5S, [0000027D821B7C00][0000027DFDFC0600 49] iPhone6Plus, [0000027D82202900][0000027DFDFC4780 49] iPhone6S, [0000027D821B5400][0000027DFDFC8900 49] iPhone6SPlus, [0000027D82203F00][0000027D8079AA80 49] iPhone7Plus, [0000027D821B5F00][0000027D8079EC00 49] iPhoneSE, [0000027D82200F00][0000027D807A2D80 49] iPhone8, [0000027D821B5700][0000027D807A6F00 49] iPhone8Plus, [0000027D82200100][0000027D807AB080 49] iPhoneX, [0000027D821B5100][0000027DFDF9D1C0 49] iPhoneXS, [0000027D82200600][0000027D807AF300 49] iPhoneXSMax, [0000027D821B7F00][0000027D807B3440 49] iPhoneXR, [0000027D82202F00][0000027D807B7580 49] iPhone11, [0000027D821B5A00][0000027D807BF700 49] iPhone11Pro, [0000027D82203900][0000027D807C3880 49] iPhone11ProMax, [0000027D821B7100][0000027D807C7A00 49] iPhoneSE2, [0000027D82200D00][0000027D807CBB80 49] iPhone12Mini, [0000027D821B7300][0000027D807CE180 49] iPhone12, [0000027D82203700][0000027D807D2300 49] iPhone12Pro, [0000027D821B5900][0000027D807D6480 49] iPhone12ProMax, [0000027D82202C00][0000027D807DA600 49] iPadPro105, [0000027D821B7500][0000027D807DE780 49] iPadPro129, [0000027D82202800][0000027D807E2900 49] iPadPro97, [0000027D821B7400][0000027D807E6A80 49] iPadPro2_129, [0000027D82200300][0000027D807EAC00 49] iPad5, [0000027D821B5800][0000027D807EED80 49] iPad6, [0000027D82200C00][0000027D807F2F00 49] iPad7, [0000027D821B7000][0000027D807F7080 49] iPad8, [0000027D82201C00][0000027D807FB200 49] iPadPro11, [0000027D821B4400][0000027D807FF380 49] iPadPro2_11, [0000027D82202D00][0000027D807BB4C0 49] iPadPro3_129, [0000027D821B5000][0000027D80803600 49] iPadPro4_129, [0000027D82200200][0000027D80807740 49] AppleTV, [0000027D821B7700][0000027D8080F8C0 49] AppleTV4K, [0000027D82203C00][0000027D80813A40 49] TVOS, [0000027D821B5B00][0000027D80817BC0 49] Mac, [0000027D82202500][0000027D8081A1C0 49] MacClient, [0000027D821B7800][0000027D829EE340 49] MacNoEditor, [0000027D82210B00][0000027D829F24C0 49] MacServer, [0000027D82289200][0000027D829F6640 49] Linux, [0000027D82210300][0000027D829FA7C0 49] LinuxAArch64, [0000027D8228AE00][0000027D829FE940 49] LinuxNoEditor, [0000027D82212C00][0000027D82A02AC0 49] LinuxAArch64NoEditor, [0000027D82288700][0000027D82A06C40 49] LinuxClient, [0000027D82210D00][0000027D82A0ADC0 49] LinuxAArch64Client, [0000027D82289A00][0000027D82A0EF40 49] LinuxServer, [0000027D82210F00][0000027D82A130C0 49] LinuxAArch64Server, [0000027D82289100][0000027D82A17240 49] Android, [0000027D82213300][0000027D82A1B3C0 49] Android_Low, [0000027D82288C00][0000027D82A1F540 49] Android_Mid, [0000027D82213E00][0000027D8080B680 49] Android_High, [0000027D82289600][0000027D82A237C0 49] Android_Default, [0000027D82212E00][0000027D82A27900 49] Android_Adreno4xx, [0000027D82289400][0000027D82A2BA40 49] Android_Adreno5xx_Low, [0000027D82213500][0000027D82A33BC0 49] Android_Adreno5xx, [0000027D8228AB00][0000027D82A361C0 49] Android_Adreno6xx, [0000027D82213A00][0000027D82A3A340 49] Android_Adreno6xx_Vulkan, [0000027D8228A600][0000027D82A3E4C0 49] Android_Mali_T6xx, [0000027D82210400][0000027D82A42640 49] Android_Mali_T7xx, [0000027D82288200][0000027D82A467C0 49] Android_Mali_T8xx, [0000027D82213000][0000027D82A4A940 49] Android_Mali_G71, [0000027D8228AA00][0000027D82A4EAC0 49] Android_Mali_G72, [0000027D821B7200][0000027D82A52C40 49] Android_Mali_G72_Vulkan, [0000027D8228A900][0000027D82A56DC0 49] Android_Mali_G76, [0000027D821B6E00][0000027D82A5AF40 49] Android_Mali_G76_Vulkan, [0000027D82288900][0000027D82A5F0C0 49] Android_Mali_G77, [0000027D821B4200][0000027D82A63240 49] Android_Mali_G77_Vulkan, [0000027D82289F00][0000027D82A673C0 49] Android_Mali_G78, [0000027D821B5E00][0000027D82A6B540 49] Android_Mali_G78_Vulkan, [0000027D82288A00][0000027D82A6F6C0 49] Android_Mali_G710, [0000027D821B5200][0000027D82A2F800 49] Android_Mali_G710_Vulkan, [0000027D8228A000][0000027D82A73940 49] Android_Vulkan_SM5, [0000027D821B7E00][0000027D82A77A80 49] Android_PowerVR_G6xxx, [0000027D82288600][0000027D82A7BBC0 49] Android_PowerVR_GT7xxx, [0000027D821B6C00][0000027D82A821C0 49] Android_PowerVR_GE8xxx, [0000027D8228A200][0000027D82A86340 49] Android_PowerVR_GM9xxx, [0000027D821B6900][0000027D82A8A4C0 49] Android_PowerVR_GM9xxx_Vulkan, [0000027D82289B00][0000027D82A8E640 49] Android_TegraK1, [0000027D821B4900][0000027D82A927C0 49] Android_Unknown_Vulkan, [0000027D82289500][0000027D82A96940 49] Lumin, [0000027D821B4B00][0000027D82A9AAC0 49] Lumin_Desktop, [0000027D82289800][0000027D82A9EC40 49] HoloLens, 
[2026.08.18-11.15.32:541][  0]LogMeshReduction: Using QuadricMeshReduction for automatic static mesh reduction
[2026.08.18-11.15.32:541][  0]LogMeshReduction: Using SimplygonMeshReduction for automatic skeletal mesh reduction
[2026.08.18-11.15.32:541][  0]LogMeshReduction: Using ProxyLODMeshReduction for automatic mesh merging
[2026.08.18-11.15.32:541][  0]LogMeshReduction: No distributed automatic mesh merging module available
[2026.08.18-11.15.32:541][  0]LogMeshMerging: No distributed automatic mesh merging module available
[2026.08.18-11.15.32:547][  0]LogNetVersion: Spyro_Bunnited 1.0.0, NetCL: 17155196, EngineNetVer: 17, GameNetVer: 0 (Checksum: 2727633312)
[2026.08.18-11.15.32:749][  0]LogCollectionManager: Loaded 0 collections in 0.001119 seconds
[2026.08.18-11.15.32:751][  0]LogFileCache: Scanning file cache for directory 'C:/Users/adace/Desktop/spyro-blowhards-revenge/Saved/Collections/' took 0.00s
[2026.08.18-11.15.32:751][  0]LogFileCache: Scanning file cache for directory 'C:/Users/adace/Desktop/spyro-blowhards-revenge/Content/Developers/adace/Collections/' took 0.00s
[2026.08.18-11.15.32:751][  0]LogFileCache: Scanning file cache for directory 'C:/Users/adace/Desktop/spyro-blowhards-revenge/Content/Collections/' took 0.00s
[2026.08.18-11.15.32:751][  0]LogCollectionManager: Fixed up redirectors for 0 collections in 0.000001 seconds (updated 0 objects)
[2026.08.18-11.15.32:836][  0]LogNiagaraDebuggerClient: Niagara Debugger Client Initialized | Session: 9086EF8F4ECE1176CD050EB9091BEE1C | Instance: CA8F97AB4566AF46A652F5A574E85A45 (DESKTOP-OCQ2307-30136).
[2026.08.18-11.15.32:947][  0]LogPython: Using Python 3.7.7
[2026.08.18-11.15.33:385][  0]SourceControl: Source control is disabled
[2026.08.18-11.15.33:385][  0]SourceControl: Source control is disabled
[2026.08.18-11.15.33:388][  0]SourceControl: Source control is disabled
[2026.08.18-11.15.33:400][  0]SourceControl: Source control is disabled
[2026.08.18-11.15.33:403][  0]SourceControl: Source control is disabled
[2026.08.18-11.15.33:409][  0]LogUProjectInfo: Found projects:
[2026.08.18-11.15.33:576][  0]LogOpenImageDenoise: OIDN starting up
[2026.08.18-11.15.33:586][  0]LogAndroidPermission: UAndroidPermissionCallbackProxy::GetInstance
[2026.08.18-11.15.33:601][  0]LogAudioCaptureCore: Display: No Audio Capture implementations found. Audio input will be silent.
[2026.08.18-11.15.33:601][  0]LogAudioCaptureCore: Display: No Audio Capture implementations found. Audio input will be silent.
[2026.08.18-11.15.33:705][  0]LogUObjectArray: 22733 objects as part of root set at end of initial load.
[2026.08.18-11.15.33:705][  0]LogUObjectAllocator: 6225984 out of 0 bytes used by permanent object pool.
[2026.08.18-11.15.33:705][  0]LogUObjectArray: CloseDisregardForGC: 0/0 objects in disregard for GC pool
[2026.08.18-11.15.33:709][  0]LogInit: Executing Class /Script/PythonScriptPlugin.PythonScriptCommandlet
[2026.08.18-11.15.33:709][  0]LogInit: Initializing Editor Engine...
[2026.08.18-11.15.33:709][  0]LogEngine: Initializing Engine...
[2026.08.18-11.15.33:711][  0]LogStats: UGameplayTagsManager::InitializeManager -  0.000 s
[2026.08.18-11.15.34:694][  0]LogInit: Initializing FReadOnlyCVARCache
[2026.08.18-11.15.34:700][  0]LogAIModule: Creating AISystem for world Untitled
[2026.08.18-11.15.34:700][  0]LogNetVersion: Set ProjectVersion to 1.0.0.0. Version Checksum will be recalculated on next use.
[2026.08.18-11.15.34:711][  0]LogDerivedDataCache: Saved boot cache 0.01s 1MB C:/Users/adace/AppData/Local/UnrealEngine/4.27/DerivedDataCache/Boot.ddc.
[2026.08.18-11.15.34:712][  0]LogInit: Texture streaming: Disabled
[2026.08.18-11.15.34:738][  0]LogInit: Initializing Editor Engine Completed
[2026.08.18-11.15.34:898][  0]BlueprintLog: New page: Editor Load
[2026.08.18-11.15.34:927][  0]LogClass: Display: Int8Property FMTSJson::version is not initialized properly. Module:MegascansPlugin File:Private/Utilities/MTSReader.h
[2026.08.18-11.15.34:927][  0]LogClass: Display: Int16Property FMTSJson::resolutionValue is not initialized properly. Module:MegascansPlugin File:Private/Utilities/MTSReader.h
[2026.08.18-11.15.34:927][  0]LogClass: Display: BoolProperty FMTSJson::isExternal is not initialized properly. Module:MegascansPlugin File:Private/Utilities/MTSReader.h
[2026.08.18-11.15.34:927][  0]LogClass: Display: Int8Property FMTSJson::meshVersion is not initialized properly. Module:MegascansPlugin File:Private/Utilities/MTSReader.h
[2026.08.18-11.15.34:928][  0]LogClass: Display: BoolProperty FMTSJson::isCustom is not initialized properly. Module:MegascansPlugin File:Private/Utilities/MTSReader.h
[2026.08.18-11.15.34:928][  0]LogClass: Display: BoolProperty FMTSJson::isModularAsset is not initialized properly. Module:MegascansPlugin File:Private/Utilities/MTSReader.h
[2026.08.18-11.15.34:928][  0]LogClass: Display: Int8Property FLodList::variation is not initialized properly. Module:MegascansPlugin File:Private/Utilities/MTSReader.h
[2026.08.18-11.15.34:928][  0]LogClass: Display: Int16Property FMeshList::resolution is not initialized properly. Module:MegascansPlugin File:Private/Utilities/MTSReader.h
[2026.08.18-11.15.34:929][  0]LogClass: Display: Int16Property FComponents::resolution is not initialized properly. Module:MegascansPlugin File:Private/Utilities/MTSReader.h
[2026.08.18-11.15.34:929][  0]LogClass: Display: BoolProperty FTextureSets::isUdim is not initialized properly. Module:MegascansPlugin File:Private/Utilities/MTSReader.h
[2026.08.18-11.15.34:929][  0]LogClass: Display: BoolProperty FMeta::value is not initialized properly. Module:MegascansPlugin File:Private/Utilities/MTSReader.h
[2026.08.18-11.15.34:929][  0]LogClass: Display: 11 Uninitialized script struct members found including 0 object properties
[2026.08.18-11.15.34:931][  0]LogPythonScriptCommandlet: Display: Running Python script: C:\Users\adace\Desktop\spyro-blowhards-revenge\Content\Spyro64\SM64\EditorScripts\inspect_level_properties.py /Game/Spyro64/Levels/05_Level5_PreWhomps
[2026.08.18-11.15.44:494][  0]LogPython: Warning: SM64_LEVEL_PROPERTY_STATUS map=/Game/Spyro64/Levels/05_Level5_PreWhomps world=/Game/Spyro64/Levels/05_Level5_PreWhomps.05_Level5_PreWhomps actors=0
[2026.08.18-11.15.44:496][  0]LogCore: Engine exit requested (reason: Commandlet PythonScriptCommandlet_0 finished execution (result 0))
[2026.08.18-11.15.44:496][  0]LogInit: Display: 
[2026.08.18-11.15.44:496][  0]LogInit: Display: Warning/Error Summary (Unique only)
[2026.08.18-11.15.44:496][  0]LogInit: Display: -----------------------------------
[2026.08.18-11.15.44:496][  0]LogInit: Display: LogPython: Warning: SM64_LEVEL_PROPERTY_STATUS map=/Game/Spyro64/Levels/05_Level5_PreWhomps world=/Game/Spyro64/Levels/05_Level5_PreWhomps.05_Level5_PreWhomps actors=0
[2026.08.18-11.15.44:496][  0]LogInit: Display: 
[2026.08.18-11.15.44:496][  0]LogInit: Display: Success - 0 error(s), 1 warning(s)
[2026.08.18-11.15.44:496][  0]LogInit: Display: 
Execution of commandlet took:  9.57 seconds
[2026.08.18-11.15.44:497][  0]LogCore: Engine exit requested (reason: EngineExit() was called; note: exit was already requested)
[2026.08.18-11.15.44:497][  0]LogExit: Preparing to exit.
[2026.08.18-11.15.44:574][  0]LogUObjectHash: Compacting FUObjectHashTables data took   3.64ms
[2026.08.18-11.15.44:917][  0]LogDemo: Cleaned up 0 splitscreen connections with owner deletion
[2026.08.18-11.15.44:920][  0]LogWorld: UWorld::CleanupWorld for None, bSessionEnded=true, bCleanupResources=true
[2026.08.18-11.15.44:920][  0]LogExit: Editor shut down
[2026.08.18-11.15.44:973][  0]LogExit: Object subsystem successfully closed.
[2026.08.18-11.15.44:984][  0]LogShaderCompilers: Display: === FShaderJobCache stats ===
[2026.08.18-11.15.44:984][  0]LogShaderCompilers: Display: Total job queries 0, among them cache hits 0 (0.00%)
[2026.08.18-11.15.44:985][  0]LogShaderCompilers: Display: Tracking 0 distinct input hashes that result in 0 distinct outputs (0.00%)
[2026.08.18-11.15.44:985][  0]LogShaderCompilers: Display: RAM used: 0.00 MB (0.00 GB) of 1638.40 MB (1.60 GB) budget. Usage: 0.00%
[2026.08.18-11.15.44:985][  0]LogShaderCompilers: Display: ================================================
[2026.08.18-11.15.44:997][  0]LogShaderCompilers: Display: Shaders left to compile 0
[2026.08.18-11.15.45:009][  0]LogModuleManager: Shutting down and abandoning module GooglePADEditor (676)
[2026.08.18-11.15.45:009][  0]LogModuleManager: Shutting down and abandoning module AudioCaptureEditor (674)
[2026.08.18-11.15.45:009][  0]LogModuleManager: Shutting down and abandoning module TemplateSequenceEditor (672)
[2026.08.18-11.15.45:009][  0]LogModuleManager: Shutting down and abandoning module ActorSequenceEditor (670)
[2026.08.18-11.15.45:010][  0]LogModuleManager: Shutting down and abandoning module Kismet (669)
[2026.08.18-11.15.45:034][  0]LogModuleManager: Shutting down and abandoning module KismetWidgets (668)
[2026.08.18-11.15.45:034][  0]LogModuleManager: Shutting down and abandoning module MatineeToLevelSequence (664)
[2026.08.18-11.15.45:036][  0]LogModuleManager: Shutting down and abandoning module LevelSequenceEditor (662)
[2026.08.18-11.15.45:036][  0]LogModuleManager: Shutting down and abandoning module PlanarCut (660)
[2026.08.18-11.15.45:036][  0]LogModuleManager: Shutting down and abandoning module MediaCompositingEditor (658)
[2026.08.18-11.15.45:036][  0]LogModuleManager: Shutting down and abandoning module SequenceRecorder (657)
[2026.08.18-11.15.45:036][  0]LogModuleManager: Shutting down and abandoning module Persona (656)
[2026.08.18-11.15.45:036][  0]LogModuleManager: Shutting down and abandoning module AdvancedPreviewScene (655)
[2026.08.18-11.15.45:037][  0]LogModuleManager: Shutting down and abandoning module AnimGraph (653)
[2026.08.18-11.15.45:037][  0]LogModuleManager: Shutting down and abandoning module WebMMediaFactory (648)
[2026.08.18-11.15.45:037][  0]LogModuleManager: Shutting down and abandoning module WebMMediaEditor (646)
[2026.08.18-11.15.45:037][  0]LogModuleManager: Shutting down and abandoning module WmfMediaFactory (644)
[2026.08.18-11.15.45:037][  0]LogModuleManager: Shutting down and abandoning module WmfMediaEditor (642)
[2026.08.18-11.15.45:037][  0]LogModuleManager: Shutting down and abandoning module MediaPlayerEditor (640)
[2026.08.18-11.15.45:037][  0]LogModuleManager: Shutting down and abandoning module AvfMediaFactory (638)
[2026.08.18-11.15.45:037][  0]LogModuleManager: Shutting down and abandoning module AvfMediaEditor (636)
[2026.08.18-11.15.45:037][  0]LogModuleManager: Shutting down and abandoning module ImgMediaFactory (634)
[2026.08.18-11.15.45:038][  0]LogModuleManager: Shutting down and abandoning module ImgMediaEditor (632)
[2026.08.18-11.15.45:038][  0]LogModuleManager: Shutting down and abandoning module AndroidMediaFactory (630)
[2026.08.18-11.15.45:038][  0]LogModuleManager: Shutting down and abandoning module AndroidMediaEditor (628)
[2026.08.18-11.15.45:038][  0]LogModuleManager: Shutting down and abandoning module CharacterAI (626)
[2026.08.18-11.15.45:038][  0]LogModuleManager: Shutting down and abandoning module MagicLeapMediaEditor (624)
[2026.08.18-11.15.45:038][  0]LogModuleManager: Shutting down and abandoning module TextureAlignMode (622)
[2026.08.18-11.15.45:038][  0]LogModuleManager: Shutting down and abandoning module BspMode (620)
[2026.08.18-11.15.45:039][  0]LogModuleManager: Shutting down and abandoning module GeometryMode (618)
[2026.08.18-11.15.45:039][  0]LogModuleManager: Shutting down and abandoning module CameraShakePreviewer (616)
[2026.08.18-11.15.45:039][  0]LogModuleManager: Shutting down and abandoning module SmartSnapping (614)
[2026.08.18-11.15.45:039][  0]LogModuleManager: Shutting down and abandoning module SessionServices (612)
[2026.08.18-11.15.45:039][  0]LogModuleManager: Shutting down and abandoning module MeshPaint (610)
[2026.08.18-11.15.45:039][  0]LogModuleManager: Shutting down and abandoning module VirtualTexturingEditor (608)
[2026.08.18-11.15.45:040][  0]LogModuleManager: Shutting down and abandoning module FoliageEdit (606)
[2026.08.18-11.15.45:040][  0]LogModuleManager: Shutting down and abandoning module LandscapeEditor (604)
[2026.08.18-11.15.45:040][  0]LogModuleManager: Shutting down and abandoning module MeshPaintMode (602)
[2026.08.18-11.15.45:040][  0]LogModuleManager: Shutting down and abandoning module SceneDepthPickerMode (600)
[2026.08.18-11.15.45:040][  0]LogModuleManager: Shutting down and abandoning module ActorPickerMode (598)
[2026.08.18-11.15.45:040][  0]LogModuleManager: Shutting down and abandoning module PlacementMode (596)
[2026.08.18-11.15.45:040][  0]LogModuleManager: Shutting down and abandoning module LiveCoding (594)
[2026.08.18-11.15.45:040][  0]LogModuleManager: Shutting down and abandoning module LevelSequence (592)
[2026.08.18-11.15.45:040][  0]LogModuleManager: Shutting down and abandoning module MovieSceneTracks (590)
[2026.08.18-11.15.45:040][  0]LogModuleManager: Shutting down and abandoning module MovieScene (588)
[2026.08.18-11.15.45:041][  0]LogModuleManager: Shutting down and abandoning module StreamingPauseRendering (586)
[2026.08.18-11.15.45:041][  0]LogModuleManager: Shutting down and abandoning module ImageWriteQueue (584)
[2026.08.18-11.15.45:045][  0]LogModuleManager: Shutting down and abandoning module AIModule (582)
[2026.08.18-11.15.45:045][  0]LogModuleManager: Shutting down and abandoning module GameplayDebugger (581)
[2026.08.18-11.15.45:045][  0]LogModuleManager: Shutting down and abandoning module AITestSuite (579)
[2026.08.18-11.15.45:045][  0]LogModuleManager: Shutting down and abandoning module NavigationSystem (577)
[2026.08.18-11.15.45:045][  0]LogModuleManager: Shutting down and abandoning module AudioSynesthesiaEditor (574)
[2026.08.18-11.15.45:046][  0]LogModuleManager: Shutting down and abandoning module MegascansPlugin (572)
[2026.08.18-11.15.45:046][  0]LogModuleManager: Shutting down and abandoning module PS1IsoGate (570)
[2026.08.18-11.15.45:046][  0]LogModuleManager: Shutting down and abandoning module MMAEditorTools (568)
[2026.08.18-11.15.45:046][  0]LogModuleManager: Shutting down and abandoning module MMAGameplay (566)
[2026.08.18-11.15.45:046][  0]LogModuleManager: Shutting down and abandoning module SQLiteSupport (564)
[2026.08.18-11.15.45:046][  0]LogModuleManager: Shutting down and abandoning module DatabaseSupport (562)
[2026.08.18-11.15.45:046][  0]LogModuleManager: Shutting down and abandoning module ContentBrowserFileDataSource (560)
[2026.08.18-11.15.45:046][  0]LogModuleManager: Shutting down and abandoning module ContentBrowserClassDataSource (558)
[2026.08.18-11.15.45:046][  0]LogModuleManager: Shutting down and abandoning module ContentBrowserAssetDataSource (556)
[2026.08.18-11.15.45:047][  0]LogModuleManager: Shutting down and abandoning module ToolMenus (555)
[2026.08.18-11.15.45:047][  0]LogModuleManager: Shutting down and abandoning module SynthesisEditor (552)
[2026.08.18-11.15.45:047][  0]LogModuleManager: Shutting down and abandoning module Synthesis (550)
[2026.08.18-11.15.45:047][  0]LogModuleManager: Shutting down and abandoning module ProceduralMeshComponentEditor (548)
[2026.08.18-11.15.45:047][  0]LogModuleManager: Shutting down and abandoning module ProceduralMeshComponent (546)
[2026.08.18-11.15.45:047][  0]LogModuleManager: Shutting down and abandoning module MobilePatchingUtils (544)
[2026.08.18-11.15.45:047][  0]LogModuleManager: Shutting down and abandoning module GooglePAD (542)
[2026.08.18-11.15.45:048][  0]LogModuleManager: Shutting down and abandoning module ScreenshotTools (540)
[2026.08.18-11.15.45:048][  0]LogModuleManager: Shutting down and abandoning module CableComponent (538)
[2026.08.18-11.15.45:048][  0]LogModuleManager: Shutting down and abandoning module ActorLayerUtilitiesEditor (536)
[2026.08.18-11.15.45:048][  0]LogModuleManager: Shutting down and abandoning module ActorLayerUtilities (534)
[2026.08.18-11.15.45:048][  0]LogModuleManager: Shutting down and abandoning module EditableMesh (532)
[2026.08.18-11.15.45:048][  0]LogModuleManager: Shutting down and abandoning module CustomMeshComponent (530)
[2026.08.18-11.15.45:048][  0]LogModuleManager: Shutting down and abandoning module AssetTags (528)
[2026.08.18-11.15.45:049][  0]LogModuleManager: Shutting down and abandoning module AudioCapture (526)
[2026.08.18-11.15.45:049][  0]LogModuleManager: Shutting down and abandoning module AudioCaptureRtAudio (525)
[2026.08.18-11.15.45:049][  0]LogModuleManager: Shutting down and abandoning module ArchVisCharacter (522)
[2026.08.18-11.15.45:049][  0]LogModuleManager: Shutting down and abandoning module AppleImageUtilsBlueprintSupport (520)
[2026.08.18-11.15.45:049][  0]LogModuleManager: Shutting down and abandoning module AppleImageUtils (518)
[2026.08.18-11.15.45:049][  0]LogModuleManager: Shutting down and abandoning module AndroidPermission (516)
[2026.08.18-11.15.45:049][  0]LogModuleManager: Shutting down and abandoning module TemplateSequence (514)
[2026.08.18-11.15.45:049][  0]LogModuleManager: Shutting down and abandoning module MotoSynthEditor (512)
[2026.08.18-11.15.45:050][  0]LogModuleManager: Shutting down and abandoning module MotoSynth (510)
[2026.08.18-11.15.45:050][  0]LogModuleManager: Shutting down and abandoning module OpenImageDenoise (508)
[2026.08.18-11.15.45:050][  0]LogOpenImageDenoise: OIDN shutting down
[2026.08.18-11.15.45:050][  0]LogModuleManager: Shutting down and abandoning module GeometryCollectionTracks (506)
[2026.08.18-11.15.45:050][  0]LogModuleManager: Shutting down and abandoning module GeometryCollectionSequencer (505)
[2026.08.18-11.15.45:050][  0]LogModuleManager: Shutting down and abandoning module GeometryCollectionEditor (502)
[2026.08.18-11.15.45:050][  0]LogModuleManager: Shutting down and abandoning module MeshConversion (500)
[2026.08.18-11.15.45:051][  0]LogModuleManager: Shutting down and abandoning module DynamicMesh (498)
[2026.08.18-11.15.45:051][  0]LogModuleManager: Shutting down and abandoning module GeometryAlgorithms (496)
[2026.08.18-11.15.45:051][  0]LogModuleManager: Shutting down and abandoning module GeometricObjects (494)
[2026.08.18-11.15.45:051][  0]LogModuleManager: Shutting down and abandoning module MediaCompositing (492)
[2026.08.18-11.15.45:051][  0]LogModuleManager: Shutting down and abandoning module GeometryCacheTracks (490)
[2026.08.18-11.15.45:051][  0]LogModuleManager: Shutting down and abandoning module GeometryCacheStreamer (488)
[2026.08.18-11.15.45:051][  0]LogModuleManager: Shutting down and abandoning module GeometryCacheSequencer (486)
[2026.08.18-11.15.45:051][  0]LogModuleManager: Shutting down and abandoning module ChaosSolverEditor (484)
[2026.08.18-11.15.45:051][  0]LogModuleManager: Shutting down and abandoning module FractureEditor (482)
[2026.08.18-11.15.45:051][  0]LogModuleManager: Shutting down and abandoning module ChaosNiagara (480)
[2026.08.18-11.15.45:052][  0]LogModuleManager: Shutting down and abandoning module FieldSystemEngine (479)
[2026.08.18-11.15.45:052][  0]LogModuleManager: Shutting down and abandoning module ChaosClothEditor (476)
[2026.08.18-11.15.45:052][  0]LogModuleManager: Shutting down and abandoning module AutomationUtilsEditor (474)
[2026.08.18-11.15.45:052][  0]LogModuleManager: Shutting down and abandoning module AutomationUtils (472)
[2026.08.18-11.15.45:052][  0]LogModuleManager: Shutting down and abandoning module AlembicImporter (470)
[2026.08.18-11.15.45:052][  0]LogModuleManager: Shutting down and abandoning module AlembicLibrary (469)
[2026.08.18-11.15.45:053][  0]LogModuleManager: Shutting down and abandoning module GeometryCache (468)
[2026.08.18-11.15.45:053][  0]LogModuleManager: Shutting down and abandoning module GeometryCacheEd (467)
[2026.08.18-11.15.45:053][  0]LogModuleManager: Shutting down and abandoning module MagicLeapSharedWorld (462)
[2026.08.18-11.15.45:053][  0]LogModuleManager: Shutting down and abandoning module MagicLeapLightEstimation (460)
[2026.08.18-11.15.45:053][  0]LogModuleManager: Shutting down and abandoning module MagicLeapHelperVulkan (458)
[2026.08.18-11.15.45:053][  0]LogModuleManager: Shutting down and abandoning module MagicLeapHelperOpenGL (456)
[2026.08.18-11.15.45:053][  0]LogModuleManager: Shutting down and abandoning module MagicLeapAudio (454)
[2026.08.18-11.15.45:054][  0]LogModuleManager: Shutting down and abandoning module SpeedTreeImporter (452)
[2026.08.18-11.15.45:054][  0]LogModuleManager: Shutting down and abandoning module PluginBrowser (450)
[2026.08.18-11.15.45:054][  0]LogModuleManager: Shutting down and abandoning module MobileLauncherProfileWizard (448)
[2026.08.18-11.15.45:054][  0]LogModuleManager: Shutting down and abandoning module MaterialAnalyzer (446)
[2026.08.18-11.15.45:054][  0]LogModuleManager: Shutting down and abandoning module CurveEditorTools (444)
[2026.08.18-11.15.45:054][  0]LogModuleManager: Shutting down and abandoning module VisualStudioSourceCodeAccess (442)
[2026.08.18-11.15.45:054][  0]LogModuleManager: Shutting down and abandoning module CryptoKeysOpenSSL (440)
[2026.08.18-11.15.45:054][  0]LogModuleManager: Shutting down and abandoning module CryptoKeys (438)
[2026.08.18-11.15.45:054][  0]LogModuleManager: Shutting down and abandoning module EditorScriptingUtilities (436)
[2026.08.18-11.15.45:056][  0]LogModuleManager: Shutting down and abandoning module UObjectPlugin (434)
[2026.08.18-11.15.45:056][  0]LogModuleManager: Shutting down and abandoning module NiagaraEditorWidgets (432)
[2026.08.18-11.15.45:056][  0]LogModuleManager: Shutting down and abandoning module VisualStudioCodeSourceCodeAccess (430)
[2026.08.18-11.15.45:056][  0]LogModuleManager: Shutting down and abandoning module PluginUtils (428)
[2026.08.18-11.15.45:056][  0]LogModuleManager: Shutting down and abandoning module SubversionSourceControl (426)
[2026.08.18-11.15.45:056][  0]LogModuleManager: Shutting down and abandoning module PlasticSourceControl (424)
[2026.08.18-11.15.45:056][  0]LogModuleManager: Shutting down and abandoning module PerforceSourceControl (422)
[2026.08.18-11.15.45:057][  0]LogModuleManager: Shutting down and abandoning module GitSourceControl (420)
[2026.08.18-11.15.45:057][  0]LogModuleManager: Shutting down and abandoning module SourceControl (419)
[2026.08.18-11.15.45:057][  0]LogModuleManager: Shutting down and abandoning module CLionSourceCodeAccess (416)
[2026.08.18-11.15.45:057][  0]LogModuleManager: Shutting down and abandoning module AnimationSharingEd (414)
[2026.08.18-11.15.45:057][  0]LogModuleManager: Shutting down and abandoning module VariantManagerContentEditor (412)
[2026.08.18-11.15.45:057][  0]LogModuleManager: Shutting down and abandoning module DatasmithContentEditor (410)
[2026.08.18-11.15.45:057][  0]LogModuleManager: Shutting down and abandoning module OodleNetworkHandlerComponent (408)
[2026.08.18-11.15.45:058][  0]LogModuleManager: Shutting down and abandoning module LightPropagationVolumeEditor (406)
[2026.08.18-11.15.45:058][  0]LogModuleManager: Shutting down and abandoning module PaperTiledImporter (404)
[2026.08.18-11.15.45:058][  0]LogModuleManager: Shutting down and abandoning module PaperSpriteSheetImporter (402)
[2026.08.18-11.15.45:058][  0]LogModuleManager: Shutting down and abandoning module Paper2DEditor (400)
[2026.08.18-11.15.45:058][  0]LogModuleManager: Shutting down and abandoning module MeshPaintingToolset (398)
[2026.08.18-11.15.45:058][  0]LogModuleManager: Shutting down and abandoning module MeshPaintEditorMode (396)
[2026.08.18-11.15.45:058][  0]LogModuleManager: Shutting down and abandoning module SQLiteCore (394)
[2026.08.18-11.15.45:059][  0]LogModuleManager: Shutting down and abandoning module RuntimePhysXCooking (392)
[2026.08.18-11.15.45:059][  0]LogModuleManager: Shutting down and abandoning module SoundFields (390)
[2026.08.18-11.15.45:059][  0]LogModuleManager: Shutting down and abandoning module SignificanceManager (388)
[2026.08.18-11.15.45:059][  0]LogModuleManager: Shutting down and abandoning module PropertyAccessEditor (386)
[2026.08.18-11.15.45:059][  0]LogModuleManager: Shutting down and abandoning module PhysXVehiclesEditor (384)
[2026.08.18-11.15.45:059][  0]LogModuleManager: Shutting down and abandoning module LocationServicesBPLibrary (380)
[2026.08.18-11.15.45:059][  0]LogModuleManager: Shutting down and abandoning module AudioSynesthesia (378)
[2026.08.18-11.15.45:060][  0]LogModuleManager: Shutting down and abandoning module AudioSynesthesiaCore (376)
[2026.08.18-11.15.45:060][  0]LogModuleManager: Shutting down and abandoning module ApexDestructionEditor (374)
[2026.08.18-11.15.45:060][  0]LogModuleManager: Shutting down and abandoning module ApexDestruction (372)
[2026.08.18-11.15.45:060][  0]LogModuleManager: Shutting down and abandoning module ActorSequence (370)
[2026.08.18-11.15.45:060][  0]LogModuleManager: Shutting down and abandoning module PythonScriptPlugin (368)
[2026.08.18-11.15.45:061][  0]LogModuleManager: Shutting down and abandoning module TcpMessaging (366)
[2026.08.18-11.15.45:061][  0]LogModuleManager: Shutting down and abandoning module UdpMessaging (364)
[2026.08.18-11.15.45:061][  0]LogModuleManager: Shutting down and abandoning module MagicLeapARPin (362)
[2026.08.18-11.15.45:061][  0]LogModuleManager: Shutting down and abandoning module MagicLeapHandMeshing (360)
[2026.08.18-11.15.45:061][  0]LogModuleManager: Shutting down and abandoning module MagicLeapSecureStorage (358)
[2026.08.18-11.15.45:061][  0]LogModuleManager: Shutting down and abandoning module MagicLeapPrivileges (356)
[2026.08.18-11.15.45:062][  0]LogModuleManager: Shutting down and abandoning module MagicLeapPlanes (354)
[2026.08.18-11.15.45:062][  0]LogMagicLeapPlanes: Planes tracker already destroyed.
[2026.08.18-11.15.45:062][  0]LogModuleManager: Shutting down and abandoning module MagicLeapImageTracker (352)
[2026.08.18-11.15.45:062][  0]LogModuleManager: Shutting down and abandoning module MagicLeapIdentity (350)
[2026.08.18-11.15.45:062][  0]LogModuleManager: Shutting down and abandoning module MagicLeapHandTracking (348)
[2026.08.18-11.15.45:062][  0]LogModuleManager: Shutting down and abandoning module MagicLeapEyeTracker (346)
[2026.08.18-11.15.45:062][  0]LogModuleManager: Shutting down and abandoning module MagicLeapController (344)
[2026.08.18-11.15.45:062][  0]LogModuleManager: Shutting down and abandoning module MagicLeapARPinImpl (342)
[2026.08.18-11.15.45:062][  0]LogModuleManager: Shutting down and abandoning module MagicLeapAR (340)
[2026.08.18-11.15.45:062][  0]LogModuleManager: Shutting down and abandoning module AugmentedReality (339)
[2026.08.18-11.15.45:062][  0]LogModuleManager: Shutting down and abandoning module DataValidation (336)
[2026.08.18-11.15.45:063][  0]LogModuleManager: Shutting down and abandoning module GameplayTagsEditor (334)
[2026.08.18-11.15.45:063][  0]LogModuleManager: Shutting down and abandoning module FacialAnimationEditor (332)
[2026.08.18-11.15.45:063][  0]LogModuleManager: Shutting down and abandoning module FacialAnimation (330)
[2026.08.18-11.15.45:063][  0]LogModuleManager: Shutting down and abandoning module AssetManagerEditor (328)
[2026.08.18-11.15.45:063][  0]LogModuleManager: Shutting down and abandoning module TreeMap (327)
[2026.08.18-11.15.45:063][  0]LogModuleManager: Shutting down and abandoning module NiagaraAnimNotifies (324)
[2026.08.18-11.15.45:063][  0]LogModuleManager: Shutting down and abandoning module Niagara (322)
[2026.08.18-11.15.45:063][  0]LogModuleManager: Shutting down and abandoning module SignalProcessing (321)
[2026.08.18-11.15.45:063][  0]LogModuleManager: Shutting down and abandoning module NiagaraEditor (319)
[2026.08.18-11.15.45:064][  0]LogModuleManager: Shutting down and abandoning module NiagaraCore (316)
[2026.08.18-11.15.45:064][  0]LogModuleManager: Shutting down and abandoning module PropertyAccessNode (314)
[2026.08.18-11.15.45:064][  0]LogModuleManager: Shutting down and abandoning module AnimationSharing (312)
[2026.08.18-11.15.45:064][  0]LogModuleManager: Shutting down and abandoning module EnvironmentQueryEditor (310)
[2026.08.18-11.15.45:064][  0]LogModuleManager: Shutting down and abandoning module GameplayCameras (308)
[2026.08.18-11.15.45:064][  0]LogModuleManager: Shutting down and abandoning module LightPropagationVolumeRuntime (306)
[2026.08.18-11.15.45:064][  0]LogModuleManager: Shutting down and abandoning module Paper2D (304)
[2026.08.18-11.15.45:064][  0]LogModuleManager: Shutting down and abandoning module NetworkReplayStreaming (302)
[2026.08.18-11.15.45:064][  0]LogModuleManager: Shutting down and abandoning module PacketHandler (300)
[2026.08.18-11.15.45:064][  0]LogModuleManager: Shutting down and abandoning module ClothingSystemEditor (298)
[2026.08.18-11.15.45:064][  0]LogModuleManager: Shutting down and abandoning module ClothingSystemRuntimeNv (296)
[2026.08.18-11.15.45:064][  0]LogModuleManager: Shutting down and abandoning module MediaAssets (294)
[2026.08.18-11.15.45:064][  0]LogModuleManager: Shutting down and abandoning module Overlay (292)
[2026.08.18-11.15.45:065][  0]LogModuleManager: Shutting down and abandoning module OverlayEditor (291)
[2026.08.18-11.15.45:065][  0]LogModuleManager: Shutting down and abandoning module Blutility (288)
[2026.08.18-11.15.45:065][  0]LogModuleManager: Shutting down and abandoning module LevelEditor (287)
[2026.08.18-11.15.45:065][  0]LogModuleManager: Shutting down and abandoning module PixelInspectorModule (286)
[2026.08.18-11.15.45:066][  0]LogModuleManager: Shutting down and abandoning module CommonMenuExtensions (284)
[2026.08.18-11.15.45:066][  0]LogModuleManager: Shutting down and abandoning module MainFrame (282)
[2026.08.18-11.15.45:066][  0]LogModuleManager: Shutting down and abandoning module HotReload (281)
[2026.08.18-11.15.45:066][  0]LogModuleManager: Shutting down and abandoning module ContentBrowser (277)
[2026.08.18-11.15.45:066][  0]LogModuleManager: Shutting down and abandoning module CollectionManager (276)
[2026.08.18-11.15.45:067][  0]LogModuleManager: Shutting down and abandoning module ContentBrowserData (274)
[2026.08.18-11.15.45:067][  0]LogModuleManager: Shutting down and abandoning module IntroTutorials (270)
[2026.08.18-11.15.45:067][  0]LogModuleManager: Shutting down and abandoning module VREditor (268)
[2026.08.18-11.15.45:067][  0]LogModuleManager: Shutting down and abandoning module StringTableEditor (266)
[2026.08.18-11.15.45:067][  0]LogModuleManager: Shutting down and abandoning module GameplayTasksEditor (264)
[2026.08.18-11.15.45:067][  0]LogModuleManager: Shutting down and abandoning module BehaviorTreeEditor (262)
[2026.08.18-11.15.45:067][  0]LogModuleManager: Shutting down and abandoning module FunctionalTesting (260)
[2026.08.18-11.15.45:068][  0]LogModuleManager: Shutting down and abandoning module CollisionAnalyzer (258)
[2026.08.18-11.15.45:068][  0]LogModuleManager: Shutting down and abandoning module WorkspaceMenuStructure (257)
[2026.08.18-11.15.45:068][  0]LogModuleManager: Shutting down and abandoning module UMG (254)
[2026.08.18-11.15.45:068][  0]LogModuleManager: Shutting down and abandoning module UMGEditor (253)
[2026.08.18-11.15.45:068][  0]LogModuleManager: Shutting down and abandoning module MessageLog (251)
[2026.08.18-11.15.45:068][  0]LogModuleManager: Shutting down and abandoning module SlateReflector (246)
[2026.08.18-11.15.45:068][  0]LogModuleManager: Shutting down and abandoning module Slate (244)
[2026.08.18-11.15.45:068][  0]LogModuleManager: Shutting down and abandoning module SlateCore (242)
[2026.08.18-11.15.45:069][  0]LogModuleManager: Shutting down and abandoning module LandscapeEditorUtilities (240)
[2026.08.18-11.15.45:069][  0]LogModuleManager: Shutting down and abandoning module UnrealEd (238)
[2026.08.18-11.15.45:070][  0]LogModuleManager: Shutting down and abandoning module MRMesh (236)
[2026.08.18-11.15.45:070][  0]LogModuleManager: Shutting down and abandoning module SourceCodeAccess (234)
[2026.08.18-11.15.45:070][  0]LogModuleManager: Shutting down and abandoning module HeadMountedDisplay (232)
[2026.08.18-11.15.45:070][  0]LogModuleManager: Shutting down and abandoning module XAudio2 (230)
[2026.08.18-11.15.45:070][  0]LogModuleManager: Shutting down and abandoning module Networking (228)
[2026.08.18-11.15.45:070][  0]LogModuleManager: Shutting down and abandoning module Core (226)
[2026.08.18-11.15.45:070][  0]LogModuleManager: Shutting down and abandoning module MaterialEditor (224)
[2026.08.18-11.15.45:070][  0]LogModuleManager: Shutting down and abandoning module Settings (223)
[2026.08.18-11.15.45:071][  0]LogModuleManager: Shutting down and abandoning module MovieSceneTools (220)
[2026.08.18-11.15.45:071][  0]LogModuleManager: Shutting down and abandoning module CurveEditor (219)
[2026.08.18-11.15.45:071][  0]LogModuleManager: Shutting down and abandoning module Sequencer (217)
[2026.08.18-11.15.45:071][  0]LogModuleManager: Shutting down and abandoning module EditorStyle (216)
[2026.08.18-11.15.45:072][  0]LogModuleManager: Shutting down and abandoning module KismetCompiler (212)
[2026.08.18-11.15.45:072][  0]LogModuleManager: Shutting down and abandoning module MeshBuilder (210)
[2026.08.18-11.15.45:072][  0]LogModuleManager: Shutting down and abandoning module MeshUtilities (208)
[2026.08.18-11.15.45:072][  0]LogModuleManager: Shutting down and abandoning module MeshMergeUtilities (207)
[2026.08.18-11.15.45:072][  0]LogModuleManager: Shutting down and abandoning module MeshReductionInterface (206)
[2026.08.18-11.15.45:072][  0]LogModuleManager: Shutting down and abandoning module MeshBoneReduction (205)
[2026.08.18-11.15.45:072][  0]LogModuleManager: Shutting down and abandoning module SkeletalMeshReduction (203)
[2026.08.18-11.15.45:073][  0]LogModuleManager: Shutting down and abandoning module ProxyLODMeshReduction (201)
[2026.08.18-11.15.45:073][  0]LogModuleManager: Shutting down and abandoning module QuadricMeshReduction (199)
[2026.08.18-11.15.45:073][  0]LogModuleManager: Shutting down and abandoning module MaterialBaking (195)
[2026.08.18-11.15.45:073][  0]LogModuleManager: Shutting down and abandoning module DirectoryWatcher (191)
[2026.08.18-11.15.45:073][  0]LogModuleManager: Shutting down and abandoning module NullInstallBundleManager (188)
[2026.08.18-11.15.45:073][  0]LogModuleManager: Shutting down and abandoning module DerivedDataCache (186)
[2026.08.18-11.15.45:073][  0]LogModuleManager: Shutting down and abandoning module TargetPlatform (184)
[2026.08.18-11.15.45:073][  0]LogModuleManager: Shutting down and abandoning module VulkanShaderFormat (183)
[2026.08.18-11.15.45:075][  0]LogModuleManager: Shutting down and abandoning module ShaderFormatVectorVM (181)
[2026.08.18-11.15.45:075][  0]LogModuleManager: Shutting down and abandoning module ShaderFormatOpenGL (179)
[2026.08.18-11.15.45:075][  0]LogModuleManager: Shutting down and abandoning module ShaderFormatD3D (177)
[2026.08.18-11.15.45:075][  0]LogModuleManager: Shutting down and abandoning module MetalShaderFormat (175)
[2026.08.18-11.15.45:075][  0]LogModuleManager: Shutting down and abandoning module TextureFormatOodle (173)
[2026.08.18-11.15.45:075][  0]LogModuleManager: Shutting down and abandoning module TextureFormatUncompressed (171)
[2026.08.18-11.15.45:075][  0]LogModuleManager: Shutting down and abandoning module TextureFormatPVR (169)
[2026.08.18-11.15.45:075][  0]LogModuleManager: Shutting down and abandoning module TextureFormatETC2 (167)
[2026.08.18-11.15.45:076][  0]LogModuleManager: Shutting down and abandoning module TextureFormatDXT (165)
[2026.08.18-11.15.45:076][  0]LogModuleManager: Shutting down and abandoning module TextureFormatIntelISPCTexComp (163)
[2026.08.18-11.15.45:076][  0]LogModuleManager: Shutting down and abandoning module TextureFormatASTC (161)
[2026.08.18-11.15.45:076][  0]LogModuleManager: Shutting down and abandoning module ImageWrapper (160)
[2026.08.18-11.15.45:076][  0]LogModuleManager: Shutting down and abandoning module AudioFormatOpus (157)
[2026.08.18-11.15.45:076][  0]LogModuleManager: Shutting down and abandoning module AudioFormatOgg (155)
[2026.08.18-11.15.45:076][  0]LogModuleManager: Shutting down and abandoning module AudioFormatADPCM (153)
[2026.08.18-11.15.45:076][  0]LogModuleManager: Shutting down and abandoning module WindowsServerTargetPlatform (151)
[2026.08.18-11.15.45:076][  0]LogModuleManager: Shutting down and abandoning module WindowsClientTargetPlatform (149)
[2026.08.18-11.15.45:077][  0]LogModuleManager: Shutting down and abandoning module WindowsTargetPlatform (147)
[2026.08.18-11.15.45:077][  0]LogModuleManager: Shutting down and abandoning module WindowsNoEditorTargetPlatform (145)
[2026.08.18-11.15.45:077][  0]LogModuleManager: Shutting down and abandoning module TVOSTargetPlatform (143)
[2026.08.18-11.15.45:077][  0]LogModuleManager: Shutting down and abandoning module MacServerTargetPlatform (141)
[2026.08.18-11.15.45:078][  0]LogModuleManager: Shutting down and abandoning module MacClientTargetPlatform (139)
[2026.08.18-11.15.45:078][  0]LogModuleManager: Shutting down and abandoning module MacTargetPlatform (137)
[2026.08.18-11.15.45:078][  0]LogModuleManager: Shutting down and abandoning module MacNoEditorTargetPlatform (135)
[2026.08.18-11.15.45:078][  0]LogModuleManager: Shutting down and abandoning module LuminTargetPlatform (133)
[2026.08.18-11.15.45:078][  0]LogModuleManager: Shutting down and abandoning module LinuxAArch64ServerTargetPlatform (131)
[2026.08.18-11.15.45:079][  0]LogModuleManager: Shutting down and abandoning module LinuxAArch64ClientTargetPlatform (129)
[2026.08.18-11.15.45:079][  0]LogModuleManager: Shutting down and abandoning module LinuxAArch64NoEditorTargetPlatform (127)
[2026.08.18-11.15.45:079][  0]LogModuleManager: Shutting down and abandoning module LinuxServerTargetPlatform (125)
[2026.08.18-11.15.45:079][  0]LogModuleManager: Shutting down and abandoning module LinuxClientTargetPlatform (123)
[2026.08.18-11.15.45:079][  0]LogModuleManager: Shutting down and abandoning module LinuxNoEditorTargetPlatform (121)
[2026.08.18-11.15.45:079][  0]LogModuleManager: Shutting down and abandoning module LinuxTargetPlatform (119)
[2026.08.18-11.15.45:079][  0]LogModuleManager: Shutting down and abandoning module Messaging (117)
[2026.08.18-11.15.45:080][  0]LogModuleManager: Shutting down and abandoning module IOSTargetPlatform (115)
[2026.08.18-11.15.45:080][  0]LogModuleManager: Shutting down and abandoning module AndroidTargetPlatform (113)
[2026.08.18-11.15.45:081][  0]LogModuleManager: Shutting down and abandoning module AllDesktopTargetPlatform (111)
[2026.08.18-11.15.45:082][  0]LogModuleManager: Shutting down and abandoning module NullDrv (108)
[2026.08.18-11.15.45:082][  0]LogModuleManager: Shutting down and abandoning module PhysXCooking (106)
[2026.08.18-11.15.45:082][  0]LogModuleManager: Shutting down and abandoning module Chaos (104)
[2026.08.18-11.15.45:082][  0]LogModuleManager: Shutting down and abandoning module WindowsPlatformFeatures (102)
[2026.08.18-11.15.45:082][  0]LogModuleManager: Shutting down and abandoning module GameplayMediaEncoder (101)
[2026.08.18-11.15.45:082][  0]LogModuleManager: Shutting down and abandoning module AVEncoder (100)
[2026.08.18-11.15.45:082][  0]LogModuleManager: Shutting down and abandoning module ExampleDeviceProfileSelector (96)
[2026.08.18-11.15.45:082][  0]LogModuleManager: Shutting down and abandoning module ChunkDownloader (94)
[2026.08.18-11.15.45:082][  0]LogModuleManager: Shutting down and abandoning module LauncherChunkInstaller (92)
[2026.08.18-11.15.45:083][  0]LogModuleManager: Shutting down and abandoning module OnlineBlueprintSupport (90)
[2026.08.18-11.15.45:083][  0]LogModuleManager: Shutting down and abandoning module OnlineSubsystem (86)
[2026.08.18-11.15.45:084][  0]LogModuleManager: Shutting down and abandoning module XMPP (81)
[2026.08.18-11.15.45:084][  0]LogModuleManager: Shutting down and abandoning module WebSockets (80)
[2026.08.18-11.15.45:109][  0]LogModuleManager: Shutting down and abandoning module HTTP (77)
[2026.08.18-11.15.45:109][  0]LogHttp: Display: cleaning up 0 outstanding Http requests.
[2026.08.18-11.15.45:136][  0]LogModuleManager: Shutting down and abandoning module SSL (76)
[2026.08.18-11.15.45:137][  0]LogModuleManager: Shutting down and abandoning module WmfMedia (72)
[2026.08.18-11.15.45:139][  0]LogModuleManager: Shutting down and abandoning module Media (71)
[2026.08.18-11.15.45:139][  0]LogModuleManager: Shutting down and abandoning module MediaInfo (70)
[2026.08.18-11.15.45:140][  0]LogModuleManager: Shutting down and abandoning module ExrReaderGpu (66)
[2026.08.18-11.15.45:140][  0]LogModuleManager: Shutting down and abandoning module ChaosCloth (64)
[2026.08.18-11.15.45:140][  0]LogModuleManager: Shutting down and abandoning module MLSDK (62)
[2026.08.18-11.15.45:140][  0]LogModuleManager: Shutting down and abandoning module MagicLeap (60)
[2026.08.18-11.15.45:140][  0]LogModuleManager: Shutting down and abandoning module NiagaraVertexFactories (58)
[2026.08.18-11.15.45:140][  0]LogModuleManager: Shutting down and abandoning module NiagaraShader (56)
[2026.08.18-11.15.45:140][  0]LogModuleManager: Shutting down and abandoning module PixWinPlugin (54)
[2026.08.18-11.15.45:141][  0]LogModuleManager: Shutting down and abandoning module VariantManagerContent (52)
[2026.08.18-11.15.45:141][  0]LogModuleManager: Shutting down and abandoning module DatasmithContent (50)
[2026.08.18-11.15.45:141][  0]LogModuleManager: Shutting down and abandoning module AISupportModule (48)
[2026.08.18-11.15.45:141][  0]LogModuleManager: Shutting down and abandoning module PlatformCryptoOpenSSL (46)
[2026.08.18-11.15.45:142][  0]LogModuleManager: Shutting down and abandoning module PlatformCryptoTypes (44)
[2026.08.18-11.15.45:142][  0]LogModuleManager: Shutting down and abandoning module PlatformCrypto (42)
[2026.08.18-11.15.45:142][  0]LogModuleManager: Shutting down and abandoning module PythonScriptPluginPreload (40)
[2026.08.18-11.15.45:142][  0]LogModuleManager: Shutting down and abandoning module OodleDataCompressionFormat (38)
[2026.08.18-11.15.45:142][  0]LogModuleManager: Shutting down and abandoning module XGEController (36)
[2026.08.18-11.15.45:142][  0]LogXGEController: Cleaning working directory: C:/Users/adace/AppData/Local/Temp/UnrealXGEWorkingDir/
[2026.08.18-11.15.45:143][  0]LogModuleManager: Shutting down and abandoning module AnimationModifiers (34)
[2026.08.18-11.15.45:143][  0]LogModuleManager: Shutting down and abandoning module AudioEditor (32)
[2026.08.18-11.15.45:143][  0]LogModuleManager: Shutting down and abandoning module PropertyEditor (31)
[2026.08.18-11.15.45:143][  0]LogModuleManager: Shutting down and abandoning module TextureCompressor (28)
[2026.08.18-11.15.45:143][  0]LogModuleManager: Shutting down and abandoning module RenderCore (26)
[2026.08.18-11.15.45:144][  0]LogModuleManager: Shutting down and abandoning module Landscape (24)
[2026.08.18-11.15.45:144][  0]LogModuleManager: Shutting down and abandoning module SlateRHIRenderer (22)
[2026.08.18-11.15.45:144][  0]LogModuleManager: Shutting down and abandoning module AnimGraphRuntime (20)
[2026.08.18-11.15.45:144][  0]LogModuleManager: Shutting down and abandoning module Renderer (18)
[2026.08.18-11.15.45:144][  0]LogModuleManager: Shutting down and abandoning module Engine (16)
[2026.08.18-11.15.45:144][  0]LogModuleManager: Shutting down and abandoning module CoreUObject (14)
[2026.08.18-11.15.45:145][  0]LogModuleManager: Shutting down and abandoning module NetworkFile (12)
[2026.08.18-11.15.45:145][  0]LogModuleManager: Shutting down and abandoning module CookedIterativeFile (10)
[2026.08.18-11.15.45:145][  0]LogModuleManager: Shutting down and abandoning module StreamingFile (8)
[2026.08.18-11.15.45:145][  0]LogModuleManager: Shutting down and abandoning module SandboxFile (6)
[2026.08.18-11.15.45:146][  0]LogModuleManager: Shutting down and abandoning module PakFile (4)
[2026.08.18-11.15.45:146][  0]LogModuleManager: Shutting down and abandoning module RSA (3)
[2026.08.18-11.15.45:561][  0]LogContentStreaming: Display: There are 1 unreleased StreamingManagers
[2026.08.18-11.15.45:572][  0]LogExit: Exiting.
[2026.08.18-11.15.46:485][  0]Log file closed, 08/18/26 20:45:46
